../Core/Inc/mcp2515.h:121:6:mcp_select	16	static
../Core/Inc/mcp2515.h:125:6:mcp_unselect	16	static
../Core/Inc/mcp2515.h:129:6:mcp_rts	24	static
../Core/Inc/mcp2515.h:136:6:mcp_reset	24	static
../Core/Inc/mcp2515.h:145:6:mcp_bit_modify	24	static
../Core/Inc/mcp2515.h:157:6:mcp_write_byte	24	static
../Core/Inc/mcp2515.h:164:6:mcp_read_byte	32	static
../Core/Inc/mcp2515.h:172:6:mcp_read_buffer	32	static
../Core/Inc/mcp2515.h:181:6:mcp_load_buffer	32	static
../Core/Inc/mcp2515.h:191:6:mcp_activate_rx	16	static
../Core/Inc/mcp2515.h:214:6:mcp_activate_tx	16	static
../Core/Inc/mcp2515.h:225:6:mcp_set_mask_standard	16	static
../Core/Inc/mcp2515.h:233:6:mcp_set_mask_extend	16	static
../Core/Inc/mcp2515.h:243:6:mcp_set_filter_standard	16	static
../Core/Inc/mcp2515.h:253:6:mcp_set_filter_extend	16	static
../Core/Inc/mcp2515.h:266:6:mcp_set_ID_standard	16	static
../Core/Inc/mcp2515.h:273:6:mcp_set_ID_extend	16	static
../Core/Inc/mcp2515.h:283:6:mcp_send	24	static
../Core/Src/main.c:83:6:EXTI3_IRQHandler	8	static
../Core/Src/main.c:94:5:main	24	static
../Core/Src/main.c:210:6:SystemClock_Config	88	static
../Core/Src/main.c:257:13:MX_ADC1_Init	24	static
../Core/Src/main.c:304:13:MX_SPI1_Init	8	static
../Core/Src/main.c:342:13:MX_USART1_UART_Init	8	static
../Core/Src/main.c:375:13:MX_GPIO_Init	40	static
../Core/Src/main.c:441:6:Error_Handler	4	static,ignoring_inline_asm
