Archive member included to satisfy reference by file (symbol)

E:/en.st-stm32cubeide_1.16.1_22882_20240916_0822_x86_64.exe/STM32CubeIDE_1.16.1/STM32CubeIDE/plugins/com.st.stm32cube.ide.mcu.externaltools.gnu-tools-for-stm32.12.3.rel1.win32_1.0.200.202406191623/tools/bin/../lib/gcc/arm-none-eabi/12.3.1/../../../../arm-none-eabi/lib/thumb/v7-m/nofp\libc_nano.a(libc_a-exit.o)
                              E:/en.st-stm32cubeide_1.16.1_22882_20240916_0822_x86_64.exe/STM32CubeIDE_1.16.1/STM32CubeIDE/plugins/com.st.stm32cube.ide.mcu.externaltools.gnu-tools-for-stm32.12.3.rel1.win32_1.0.200.202406191623/tools/bin/../lib/gcc/arm-none-eabi/12.3.1/../../../../arm-none-eabi/lib/thumb/v7-m/nofp/crt0.o (exit)
E:/en.st-stm32cubeide_1.16.1_22882_20240916_0822_x86_64.exe/STM32CubeIDE_1.16.1/STM32CubeIDE/plugins/com.st.stm32cube.ide.mcu.externaltools.gnu-tools-for-stm32.12.3.rel1.win32_1.0.200.202406191623/tools/bin/../lib/gcc/arm-none-eabi/12.3.1/../../../../arm-none-eabi/lib/thumb/v7-m/nofp\libc_nano.a(libc_a-findfp.o)
                              E:/en.st-stm32cubeide_1.16.1_22882_20240916_0822_x86_64.exe/STM32CubeIDE_1.16.1/STM32CubeIDE/plugins/com.st.stm32cube.ide.mcu.externaltools.gnu-tools-for-stm32.12.3.rel1.win32_1.0.200.202406191623/tools/bin/../lib/gcc/arm-none-eabi/12.3.1/../../../../arm-none-eabi/lib/thumb/v7-m/nofp\libc_nano.a(libc_a-exit.o) (__stdio_exit_handler)
E:/en.st-stm32cubeide_1.16.1_22882_20240916_0822_x86_64.exe/STM32CubeIDE_1.16.1/STM32CubeIDE/plugins/com.st.stm32cube.ide.mcu.externaltools.gnu-tools-for-stm32.12.3.rel1.win32_1.0.200.202406191623/tools/bin/../lib/gcc/arm-none-eabi/12.3.1/../../../../arm-none-eabi/lib/thumb/v7-m/nofp\libc_nano.a(libc_a-fwalk.o)
                              E:/en.st-stm32cubeide_1.16.1_22882_20240916_0822_x86_64.exe/STM32CubeIDE_1.16.1/STM32CubeIDE/plugins/com.st.stm32cube.ide.mcu.externaltools.gnu-tools-for-stm32.12.3.rel1.win32_1.0.200.202406191623/tools/bin/../lib/gcc/arm-none-eabi/12.3.1/../../../../arm-none-eabi/lib/thumb/v7-m/nofp\libc_nano.a(libc_a-findfp.o) (_fwalk_sglue)
E:/en.st-stm32cubeide_1.16.1_22882_20240916_0822_x86_64.exe/STM32CubeIDE_1.16.1/STM32CubeIDE/plugins/com.st.stm32cube.ide.mcu.externaltools.gnu-tools-for-stm32.12.3.rel1.win32_1.0.200.202406191623/tools/bin/../lib/gcc/arm-none-eabi/12.3.1/../../../../arm-none-eabi/lib/thumb/v7-m/nofp\libc_nano.a(libc_a-stdio.o)
                              E:/en.st-stm32cubeide_1.16.1_22882_20240916_0822_x86_64.exe/STM32CubeIDE_1.16.1/STM32CubeIDE/plugins/com.st.stm32cube.ide.mcu.externaltools.gnu-tools-for-stm32.12.3.rel1.win32_1.0.200.202406191623/tools/bin/../lib/gcc/arm-none-eabi/12.3.1/../../../../arm-none-eabi/lib/thumb/v7-m/nofp\libc_nano.a(libc_a-findfp.o) (__sread)
E:/en.st-stm32cubeide_1.16.1_22882_20240916_0822_x86_64.exe/STM32CubeIDE_1.16.1/STM32CubeIDE/plugins/com.st.stm32cube.ide.mcu.externaltools.gnu-tools-for-stm32.12.3.rel1.win32_1.0.200.202406191623/tools/bin/../lib/gcc/arm-none-eabi/12.3.1/../../../../arm-none-eabi/lib/thumb/v7-m/nofp\libc_nano.a(libc_a-memset.o)
                              E:/en.st-stm32cubeide_1.16.1_22882_20240916_0822_x86_64.exe/STM32CubeIDE_1.16.1/STM32CubeIDE/plugins/com.st.stm32cube.ide.mcu.externaltools.gnu-tools-for-stm32.12.3.rel1.win32_1.0.200.202406191623/tools/bin/../lib/gcc/arm-none-eabi/12.3.1/../../../../arm-none-eabi/lib/thumb/v7-m/nofp/crt0.o (memset)
E:/en.st-stm32cubeide_1.16.1_22882_20240916_0822_x86_64.exe/STM32CubeIDE_1.16.1/STM32CubeIDE/plugins/com.st.stm32cube.ide.mcu.externaltools.gnu-tools-for-stm32.12.3.rel1.win32_1.0.200.202406191623/tools/bin/../lib/gcc/arm-none-eabi/12.3.1/../../../../arm-none-eabi/lib/thumb/v7-m/nofp\libc_nano.a(libc_a-closer.o)
                              E:/en.st-stm32cubeide_1.16.1_22882_20240916_0822_x86_64.exe/STM32CubeIDE_1.16.1/STM32CubeIDE/plugins/com.st.stm32cube.ide.mcu.externaltools.gnu-tools-for-stm32.12.3.rel1.win32_1.0.200.202406191623/tools/bin/../lib/gcc/arm-none-eabi/12.3.1/../../../../arm-none-eabi/lib/thumb/v7-m/nofp\libc_nano.a(libc_a-stdio.o) (_close_r)
E:/en.st-stm32cubeide_1.16.1_22882_20240916_0822_x86_64.exe/STM32CubeIDE_1.16.1/STM32CubeIDE/plugins/com.st.stm32cube.ide.mcu.externaltools.gnu-tools-for-stm32.12.3.rel1.win32_1.0.200.202406191623/tools/bin/../lib/gcc/arm-none-eabi/12.3.1/../../../../arm-none-eabi/lib/thumb/v7-m/nofp\libc_nano.a(libc_a-reent.o)
                              E:/en.st-stm32cubeide_1.16.1_22882_20240916_0822_x86_64.exe/STM32CubeIDE_1.16.1/STM32CubeIDE/plugins/com.st.stm32cube.ide.mcu.externaltools.gnu-tools-for-stm32.12.3.rel1.win32_1.0.200.202406191623/tools/bin/../lib/gcc/arm-none-eabi/12.3.1/../../../../arm-none-eabi/lib/thumb/v7-m/nofp\libc_nano.a(libc_a-closer.o) (errno)
[...]
Memory Configuration

Name             Origin             Length             Attributes
RAM              0x20000000         0x00005000         xrw
HEADER           0x08004000         0x00000400         xr
FLASH            0x08004400         0x0000bc00         xr
*default*        0x00000000         0xffffffff

Linker script and memory map

LOAD E:/en.st-stm32cubeide_1.16.1_22882_20240916_0822_x86_64.exe/STM32CubeIDE_1.16.1/STM32CubeIDE/plugins/com.st.stm32cube.ide.mcu.externaltools.gnu-tools-for-stm32.12.3.rel1.win32_1.0.200.202406191623/tools/bin/../lib/gcc/arm-none-eabi/12.3.1/thumb/v7-m/nofp/crti.o
LOAD E:/en.st-stm32cubeide_1.16.1_22882_20240916_0822_x86_64.exe/STM32CubeIDE_1.16.1/STM32CubeIDE/plugins/com.st.stm32cube.ide.mcu.externaltools.gnu-tools-for-stm32.12.3.rel1.win32_1.0.200.202406191623/tools/bin/../lib/gcc/arm-none-eabi/12.3.1/thumb/v7-m/nofp/crtbegin.o
LOAD E:/en.st-stm32cubeide_1.16.1_22882_20240916_0822_x86_64.exe/STM32CubeIDE_1.16.1/STM32CubeIDE/plugins/com.st.stm32cube.ide.mcu.externaltools.gnu-tools-for-stm32.12.3.rel1.win32_1.0.200.202406191623/tools/bin/../lib/gcc/arm-none-eabi/12.3.1/../../../../arm-none-eabi/lib/thumb/v7-m/nofp/crt0.o
LOAD ./Core/Src/main.o
LOAD ./Core/Src/mcp2515.o
LOAD ./Core/Src/spi.o
LOAD ./Core/Src/stm32f1xx_hal_msp.o
LOAD ./Core/Src/stm32f1xx_it.o
LOAD ./Core/Src/syscalls.o
LOAD ./Core/Src/sysmem.o
LOAD ./Core/Src/system_stm32f1xx.o
LOAD ./Core/Startup/startup_stm32f103c8tx.o
LOAD ./Drivers/STM32F1xx_HAL_Driver/Src/stm32f1xx_hal.o
LOAD ./Drivers/STM32F1xx_HAL_Driver/Src/stm32f1xx_hal_cortex.o
LOAD ./Drivers/STM32F1xx_HAL_Driver/Src/stm32f1xx_hal_dma.o
LOAD ./Drivers/STM32F1xx_HAL_Driver/Src/stm32f1xx_hal_exti.o
LOAD ./Drivers/STM32F1xx_HAL_Driver/Src/stm32f1xx_hal_flash.o
LOAD ./Drivers/STM32F1xx_HAL_Driver/Src/stm32f1xx_hal_flash_ex.o
LOAD ./Drivers/STM32F1xx_HAL_Driver/Src/stm32f1xx_hal_gpio.o
LOAD ./Drivers/STM32F1xx_HAL_Driver/Src/stm32f1xx_hal_gpio_ex.o
LOAD ./Drivers/STM32F1xx_HAL_Driver/Src/stm32f1xx_hal_pwr.o
LOAD ./Drivers/STM32F1xx_HAL_Driver/Src/stm32f1xx_hal_rcc.o
LOAD ./Drivers/STM32F1xx_HAL_Driver/Src/stm32f1xx_hal_rcc_ex.o
LOAD ./Drivers/STM32F1xx_HAL_Driver/Src/stm32f1xx_hal_tim.o
LOAD ./Drivers/STM32F1xx_HAL_Driver/Src/stm32f1xx_hal_tim_ex.o
START GROUP
LOAD E:/en.st-stm32cubeide_1.16.1_22882_20240916_0822_x86_64.exe/STM32CubeIDE_1.16.1/STM32CubeIDE/plugins/com.st.stm32cube.ide.mcu.externaltools.gnu-tools-for-stm32.12.3.rel1.win32_1.0.200.202406191623/tools/bin/../lib/gcc/arm-none-eabi/12.3.1/../../../../arm-none-eabi/lib/thumb/v7-m/nofp\libc_nano.a
LOAD E:/en.st-stm32cubeide_1.16.1_22882_20240916_0822_x86_64.exe/STM32CubeIDE_1.16.1/STM32CubeIDE/plugins/com.st.stm32cube.ide.mcu.externaltools.gnu-tools-for-stm32.12.3.rel1.win32_1.0.200.202406191623/tools/bin/../lib/gcc/arm-none-eabi/12.3.1/../../../../arm-none-eabi/lib/thumb/v7-m/nofp\libm.a
END GROUP
START GROUP
LOAD E:/en.st-stm32cubeide_1.16.1_22882_20240916_0822_x86_64.exe/STM32CubeIDE_1.16.1/STM32CubeIDE/plugins/com.st.stm32cube.ide.mcu.externaltools.gnu-tools-for-stm32.12.3.rel1.win32_1.0.200.202406191623/tools/bin/../lib/gcc/arm-none-eabi/12.3.1/thumb/v7-m/nofp\libgcc.a
LOAD E:/en.st-stm32cubeide_1.16.1_22882_20240916_0822_x86_64.exe/STM32CubeIDE_1.16.1/STM32CubeIDE/plugins/com.st.stm32cube.ide.mcu.externaltools.gnu-tools-for-stm32.12.3.rel1.win32_1.0.200.202406191623/tools/bin/../lib/gcc/arm-none-eabi/12.3.1/../../../../arm-none-eabi/lib/thumb/v7-m/nofp\libc_nano.a
END GROUP
START GROUP
LOAD E:/en.st-stm32cubeide_1.16.1_22882_20240916_0822_x86_64.exe/STM32CubeIDE_1.16.1/STM32CubeIDE/plugins/com.st.stm32cube.ide.mcu.externaltools.gnu-tools-for-stm32.12.3.rel1.win32_1.0.200.202406191623/tools/bin/../lib/gcc/arm-none-eabi/12.3.1/thumb/v7-m/nofp\libgcc.a
LOAD E:/en.st-stm32cubeide_1.16.1_22882_20240916_0822_x86_64.exe/STM32CubeIDE_1.16.1/STM32CubeIDE/plugins/com.st.stm32cube.ide.mcu.externaltools.gnu-tools-for-stm32.12.3.rel1.win32_1.0.200.202406191623/tools/bin/../lib/gcc/arm-none-eabi/12.3.1/../../../../arm-none-eabi/lib/thumb/v7-m/nofp\libc_nano.a
LOAD E:/en.st-stm32cubeide_1.16.1_22882_20240916_0822_x86_64.exe/STM32CubeIDE_1.16.1/STM32CubeIDE/plugins/com.st.stm32cube.ide.mcu.externaltools.gnu-tools-for-stm32.12.3.rel1.win32_1.0.200.202406191623/tools/bin/../lib/gcc/arm-none-eabi/12.3.1/../../../../arm-none-eabi/lib/thumb/v7-m/nofp\libnosys.a
END GROUP
START GROUP
LOAD E:/en.st-stm32cubeide_1.16.1_22882_20240916_0822_x86_64.exe/STM32CubeIDE_1.16.1/STM32CubeIDE/plugins/com.st.stm32cube.ide.mcu.externaltools.gnu-tools-for-stm32.12.3.rel1.win32_1.0.200.202406191623/tools/bin/../lib/gcc/arm-none-eabi/12.3.1/thumb/v7-m/nofp\libgcc.a
LOAD E:/en.st-stm32cubeide_1.16.1_22882_20240916_0822_x86_64.exe/STM32CubeIDE_1.16.1/STM32CubeIDE/plugins/com.st.stm32cube.ide.mcu.externaltools.gnu-tools-for-stm32.12.3.rel1.win32_1.0.200.202406191623/tools/bin/../lib/gcc/arm-none-eabi/12.3.1/../../../../arm-none-eabi/lib/thumb/v7-m/nofp\libc_nano.a
LOAD E:/en.st-stm32cubeide_1.16.1_22882_20240916_0822_x86_64.exe/STM32CubeIDE_1.16.1/STM32CubeIDE/plugins/com.st.stm32cube.ide.mcu.externaltools.gnu-tools-for-stm32.12.3.rel1.win32_1.0.200.202406191623/tools/bin/../lib/gcc/arm-none-eabi/12.3.1/../../../../arm-none-eabi/lib/thumb/v7-m/nofp\libnosys.a
END GROUP
LOAD E:/en.st-stm32cubeide_1.16.1_22882_20240916_0822_x86_64.exe/STM32CubeIDE_1.16.1/STM32CubeIDE/plugins/com.st.stm32cube.ide.mcu.externaltools.gnu-tools-for-stm32.12.3.rel1.win32_1.0.200.202406191623/tools/bin/../lib/gcc/arm-none-eabi/12.3.1/thumb/v7-m/nofp/crtend.o
LOAD E:/en.st-stm32cubeide_1.16.1_22882_20240916_0822_x86_64.exe/STM32CubeIDE_1.16.1/STM32CubeIDE/plugins/com.st.stm32cube.ide.mcu.externaltools.gnu-tools-for-stm32.12.3.rel1.win32_1.0.200.202406191623/tools/bin/../lib/gcc/arm-none-eabi/12.3.1/thumb/v7-m/nofp/crtn.o
                0x20005000                        _estack = (ORIGIN (RAM) + LENGTH (RAM))
                0x00000200                        _Min_Heap_Size = 0x200
                0x00000400                        _Min_Stack_Size = 0x400

.isr_vector     0x08004400      0x10c
                0x08004400                        . = ALIGN (0x4)
 *(.isr_vector)
 .isr_vector    0x08004400      0x10c ./Core/Startup/startup_stm32f103c8tx.o
                0x08004400                g_pfnVectors
                0x0800450c                        . = ALIGN (0x4)

.text           0x0800450c      0xf48
                0x0800450c                        . = ALIGN (0x4)
 *(.text)
 .text          0x0800450c       0x40 E:/en.st-stm32cubeide_1.16.1_22882_20240916_0822_x86_64.exe/STM32CubeIDE_1.16.1/STM32CubeIDE/plugins/com.st.stm32cube.ide.mcu.externaltools.gnu-tools-for-stm32.12.3.rel1.win32_1.0.200.202406191623/tools/bin/../lib/gcc/arm-none-eabi/12.3.1/thumb/v7-m/nofp/crtbegin.o
 *(.text*)
 .text.EXTI9_5_IRQHandler
                0x0800454c       0x34 ./Core/Src/main.o
                0x0800454c                EXTI9_5_IRQHandler
 .text.delay_us
                0x08004580       0x2c ./Core/Src/main.o
                0x08004580                delay_us
 .text.delay_ms
                0x080045ac       0x28 ./Core/Src/main.o
                0x080045ac                delay_ms
 .text.main     0x080045d4      0x4cc ./Core/Src/main.o
                0x080045d4                main
 .text.MX_GPIO_Init
                0x08004aa0       0x2c ./Core/Src/main.o
 .text.mcp_rts  0x08004acc       0x38 ./Core/Src/mcp2515.o
                0x08004acc                mcp_rts
 .text.mcp_reset
                0x08004b04       0x2e ./Core/Src/mcp2515.o
                0x08004b04                mcp_reset
 .text.mcp_bit_modify
                0x08004b32       0x4c ./Core/Src/mcp2515.o
                0x08004b32                mcp_bit_modify
 .text.mcp_write_byte
                0x08004b7e       0x3e ./Core/Src/mcp2515.o
                0x08004b7e                mcp_write_byte
 .text.mcp_read_byte
                0x08004bbc       0x44 ./Core/Src/mcp2515.o
                0x08004bbc                mcp_read_byte
 .text.mcp_read_buffer
                0x08004c00       0x46 ./Core/Src/mcp2515.o
                0x08004c00                mcp_read_buffer
 .text.mcp_load_buffer
                0x08004c46       0x4c ./Core/Src/mcp2515.o
                0x08004c46                mcp_load_buffer
 .text.mcp_activate_rx
                0x08004c92       0xae ./Core/Src/mcp2515.o
                0x08004c92                mcp_activate_rx
 .text.mcp_set_mask_standard
                0x08004d40       0x3e ./Core/Src/mcp2515.o
                0x08004d40                mcp_set_mask_standard
 *fill*         0x08004d7e        0x2 
 .text.mcp_set_filter_standard
                0x08004d80       0x5c ./Core/Src/mcp2515.o
                0x08004d80                mcp_set_filter_standard
 .text.mcp_set_ID_standard
                0x08004ddc       0x40 ./Core/Src/mcp2515.o
                0x08004ddc                mcp_set_ID_standard
 .text.mcp_send
                0x08004e1c       0x3e ./Core/Src/mcp2515.o
                0x08004e1c                mcp_send
 .text.spi_transmit
                0x08004e5a       0xca ./Core/Src/spi.o
                0x08004e5a                spi_transmit
 .text.spi_receive
                0x08004f24       0x9a ./Core/Src/spi.o
                0x08004f24                spi_receive
 .text.spi_select
                0x08004fbe       0x28 ./Core/Src/spi.o
                0x08004fbe                spi_select
 .text.spi_unselect
                0x08004fe6       0x26 ./Core/Src/spi.o
                0x08004fe6                spi_unselect
 .text.HAL_MspInit
                0x0800500c       0x64 ./Core/Src/stm32f1xx_hal_msp.o
                0x0800500c                HAL_MspInit
 .text.NMI_Handler
                0x08005070        0x8 ./Core/Src/stm32f1xx_it.o
                0x08005070                NMI_Handler
 .text.HardFault_Handler
                0x08005078        0x8 ./Core/Src/stm32f1xx_it.o
                0x08005078                HardFault_Handler
 .text.MemManage_Handler
                0x08005080        0x8 ./Core/Src/stm32f1xx_it.o
                0x08005080                MemManage_Handler
 .text.BusFault_Handler
                0x08005088        0x8 ./Core/Src/stm32f1xx_it.o
                0x08005088                BusFault_Handler
 .text.UsageFault_Handler
                0x08005090        0x8 ./Core/Src/stm32f1xx_it.o
                0x08005090                UsageFault_Handler
 .text.SVC_Handler
                0x08005098        0xc ./Core/Src/stm32f1xx_it.o
                0x08005098                SVC_Handler
 .text.DebugMon_Handler
                0x080050a4        0xc ./Core/Src/stm32f1xx_it.o
                0x080050a4                DebugMon_Handler
 .text.PendSV_Handler
                0x080050b0        0xc ./Core/Src/stm32f1xx_it.o
                0x080050b0                PendSV_Handler
 .text.SysTick_Handler
                0x080050bc        0xc ./Core/Src/stm32f1xx_it.o
                0x080050bc                SysTick_Handler
 .text.SystemInit
                0x080050c8        0xc ./Core/Src/system_stm32f1xx.o
                0x080050c8                SystemInit
 .text.Reset_Handler
                0x080050d4       0x48 ./Core/Startup/startup_stm32f103c8tx.o
                0x080050d4                Reset_Handler
 .text.Default_Handler
                0x0800511c        0x2 ./Core/Startup/startup_stm32f103c8tx.o
                0x0800511c                RTC_Alarm_IRQHandler
                0x0800511c                EXTI2_IRQHandler
                0x0800511c                TIM1_CC_IRQHandler
                0x0800511c                PVD_IRQHandler
                0x0800511c                EXTI3_IRQHandler
                0x0800511c                EXTI0_IRQHandler
                0x0800511c                I2C2_EV_IRQHandler
                0x0800511c                ADC1_2_IRQHandler
                0x0800511c                SPI1_IRQHandler
                0x0800511c                TAMPER_IRQHandler
                0x0800511c                DMA1_Channel4_IRQHandler
                0x0800511c                USART3_IRQHandler
                0x0800511c                RTC_IRQHandler
                0x0800511c                DMA1_Channel7_IRQHandler
                0x0800511c                CAN1_RX1_IRQHandler
                0x0800511c                TIM4_IRQHandler
                0x0800511c                I2C1_EV_IRQHandler
                0x0800511c                DMA1_Channel6_IRQHandler
                0x0800511c                TIM3_IRQHandler
                0x0800511c                RCC_IRQHandler
                0x0800511c                TIM1_TRG_COM_IRQHandler
                0x0800511c                DMA1_Channel1_IRQHandler
                0x0800511c                Default_Handler
                0x0800511c                EXTI15_10_IRQHandler
                0x0800511c                SPI2_IRQHandler
                0x0800511c                DMA1_Channel5_IRQHandler
                0x0800511c                EXTI4_IRQHandler
                0x0800511c                USB_LP_CAN1_RX0_IRQHandler
                0x0800511c                USB_HP_CAN1_TX_IRQHandler
                0x0800511c                DMA1_Channel3_IRQHandler
                0x0800511c                TIM1_UP_IRQHandler
                0x0800511c                WWDG_IRQHandler
                0x0800511c                TIM2_IRQHandler
                0x0800511c                TIM1_BRK_IRQHandler
                0x0800511c                EXTI1_IRQHandler
                0x0800511c                USART2_IRQHandler
                0x0800511c                I2C2_ER_IRQHandler
                0x0800511c                DMA1_Channel2_IRQHandler
                0x0800511c                CAN1_SCE_IRQHandler
                0x0800511c                FLASH_IRQHandler
                0x0800511c                USART1_IRQHandler
                0x0800511c                I2C1_ER_IRQHandler
                0x0800511c                USBWakeUp_IRQHandler
 *fill*         0x0800511e        0x2 
 .text.HAL_Init
                0x08005120       0x2c ./Drivers/STM32F1xx_HAL_Driver/Src/stm32f1xx_hal.o
                0x08005120                HAL_Init
 .text.HAL_InitTick
                0x0800514c       0x60 ./Drivers/STM32F1xx_HAL_Driver/Src/stm32f1xx_hal.o
                0x0800514c                HAL_InitTick
 .text.HAL_IncTick
                0x080051ac       0x24 ./Drivers/STM32F1xx_HAL_Driver/Src/stm32f1xx_hal.o
                0x080051ac                HAL_IncTick
 .text.HAL_GetTick
                0x080051d0       0x14 ./Drivers/STM32F1xx_HAL_Driver/Src/stm32f1xx_hal.o
                0x080051d0                HAL_GetTick
 .text.HAL_Delay
                0x080051e4       0x48 ./Drivers/STM32F1xx_HAL_Driver/Src/stm32f1xx_hal.o
                0x080051e4                HAL_Delay
 .text.__NVIC_SetPriorityGrouping
                0x0800522c       0x48 ./Drivers/STM32F1xx_HAL_Driver/Src/stm32f1xx_hal_cortex.o
 .text.__NVIC_GetPriorityGrouping
                0x08005274       0x1c ./Drivers/STM32F1xx_HAL_Driver/Src/stm32f1xx_hal_cortex.o
 .text.__NVIC_SetPriority
                0x08005290       0x54 ./Drivers/STM32F1xx_HAL_Driver/Src/stm32f1xx_hal_cortex.o
 .text.NVIC_EncodePriority
                0x080052e4       0x64 ./Drivers/STM32F1xx_HAL_Driver/Src/stm32f1xx_hal_cortex.o
 .text.SysTick_Config
                0x08005348       0x44 ./Drivers/STM32F1xx_HAL_Driver/Src/stm32f1xx_hal_cortex.o
 .text.HAL_NVIC_SetPriorityGrouping
                0x0800538c       0x16 ./Drivers/STM32F1xx_HAL_Driver/Src/stm32f1xx_hal_cortex.o
                0x0800538c                HAL_NVIC_SetPriorityGrouping
 .text.HAL_NVIC_SetPriority
                0x080053a2       0x38 ./Drivers/STM32F1xx_HAL_Driver/Src/stm32f1xx_hal_cortex.o
                0x080053a2                HAL_NVIC_SetPriority
 .text.HAL_SYSTICK_Config
                0x080053da       0x18 ./Drivers/STM32F1xx_HAL_Driver/Src/stm32f1xx_hal_cortex.o
                0x080053da                HAL_SYSTICK_Config
 *fill*         0x080053f2        0x2 
 .text.__libc_init_array
                0x080053f4       0x48 E:/en.st-stm32cubeide_1.16.1_22882_20240916_0822_x86_64.exe/STM32CubeIDE_1.16.1/STM32CubeIDE/plugins/com.st.stm32cube.ide.mcu.externaltools.gnu-tools-for-stm32.12.3.rel1.win32_1.0.200.202406191623/tools/bin/../lib/gcc/arm-none-eabi/12.3.1/../../../../arm-none-eabi/lib/thumb/v7-m/nofp\libc_nano.a(libc_a-init.o)
                0x080053f4                __libc_init_array
 *(.glue_7)
 .glue_7        0x0800543c        0x0 linker stubs
 *(.glue_7t)
 .glue_7t       0x0800543c        0x0 linker stubs
 *(.eh_frame)
 .eh_frame      0x0800543c        0x0 E:/en.st-stm32cubeide_1.16.1_22882_20240916_0822_x86_64.exe/STM32CubeIDE_1.16.1/STM32CubeIDE/plugins/com.st.stm32cube.ide.mcu.externaltools.gnu-tools-for-stm32.12.3.rel1.win32_1.0.200.202406191623/tools/bin/../lib/gcc/arm-none-eabi/12.3.1/thumb/v7-m/nofp/crtbegin.o
 *(.init)
 .init          0x0800543c        0x4 E:/en.st-stm32cubeide_1.16.1_22882_20240916_0822_x86_64.exe/STM32CubeIDE_1.16.1/STM32CubeIDE/plugins/com.st.stm32cube.ide.mcu.externaltools.gnu-tools-for-stm32.12.3.rel1.win32_1.0.200.202406191623/tools/bin/../lib/gcc/arm-none-eabi/12.3.1/thumb/v7-m/nofp/crti.o
                0x0800543c                _init
 .init          0x08005440        0x8 E:/en.st-stm32cubeide_1.16.1_22882_20240916_0822_x86_64.exe/STM32CubeIDE_1.16.1/STM32CubeIDE/plugins/com.st.stm32cube.ide.mcu.externaltools.gnu-tools-for-stm32.12.3.rel1.win32_1.0.200.202406191623/tools/bin/../lib/gcc/arm-none-eabi/12.3.1/thumb/v7-m/nofp/crtn.o
 *(.fini)
 .fini          0x08005448        0x4 E:/en.st-stm32cubeide_1.16.1_22882_20240916_0822_x86_64.exe/STM32CubeIDE_1.16.1/STM32CubeIDE/plugins/com.st.stm32cube.ide.mcu.externaltools.gnu-tools-for-stm32.12.3.rel1.win32_1.0.200.202406191623/tools/bin/../lib/gcc/arm-none-eabi/12.3.1/thumb/v7-m/nofp/crti.o
                0x08005448                _fini
 .fini          0x0800544c        0x8 E:/en.st-stm32cubeide_1.16.1_22882_20240916_0822_x86_64.exe/STM32CubeIDE_1.16.1/STM32CubeIDE/plugins/com.st.stm32cube.ide.mcu.externaltools.gnu-tools-for-stm32.12.3.rel1.win32_1.0.200.202406191623/tools/bin/../lib/gcc/arm-none-eabi/12.3.1/thumb/v7-m/nofp/crtn.o
                0x08005454                        . = ALIGN (0x4)
                0x08005454                        _etext = .

.vfp11_veneer   0x08005454        0x0
 .vfp11_veneer  0x08005454        0x0 linker stubs

.v4_bx          0x08005454        0x0
 .v4_bx         0x08005454        0x0 linker stubs

.iplt           0x08005454        0x0
 .iplt          0x08005454        0x0 E:/en.st-stm32cubeide_1.16.1_22882_20240916_0822_x86_64.exe/STM32CubeIDE_1.16.1/STM32CubeIDE/plugins/com.st.stm32cube.ide.mcu.externaltools.gnu-tools-for-stm32.12.3.rel1.win32_1.0.200.202406191623/tools/bin/../lib/gcc/arm-none-eabi/12.3.1/thumb/v7-m/nofp/crtbegin.o

.rodata         0x08005454       0x14
                0x08005454                        . = ALIGN (0x4)
 *(.rodata)
 .rodata        0x08005454       0x14 ./Core/Src/main.o
 *(.rodata*)
                0x08005468                        . = ALIGN (0x4)

.ARM.extab      0x08005468        0x0
                0x08005468                        . = ALIGN (0x4)
 *(.ARM.extab* .gnu.linkonce.armextab.*)
                0x08005468                        . = ALIGN (0x4)

.ARM            0x08005468        0x0
                0x08005468                        . = ALIGN (0x4)
                0x08005468                        __exidx_start = .
 *(.ARM.exidx*)
                0x08005468                        __exidx_end = .
                0x08005468                        . = ALIGN (0x4)

.preinit_array  0x08005468        0x0
                0x08005468                        . = ALIGN (0x4)
                0x08005468                        PROVIDE (__preinit_array_start = .)
 *(.preinit_array*)
                0x08005468                        PROVIDE (__preinit_array_end = .)
                0x08005468                        . = ALIGN (0x4)

.init_array     0x08005468        0x4
                0x08005468                        . = ALIGN (0x4)
                0x08005468                        PROVIDE (__init_array_start = .)
 *(SORT_BY_NAME(.init_array.*))
 *(.init_array*)
 .init_array    0x08005468        0x4 E:/en.st-stm32cubeide_1.16.1_22882_20240916_0822_x86_64.exe/STM32CubeIDE_1.16.1/STM32CubeIDE/plugins/com.st.stm32cube.ide.mcu.externaltools.gnu-tools-for-stm32.12.3.rel1.win32_1.0.200.202406191623/tools/bin/../lib/gcc/arm-none-eabi/12.3.1/thumb/v7-m/nofp/crtbegin.o
                0x0800546c                        PROVIDE (__init_array_end = .)
                0x0800546c                        . = ALIGN (0x4)

.fini_array     0x0800546c        0x4
                0x0800546c                        . = ALIGN (0x4)
                [!provide]                        PROVIDE (__fini_array_start = .)
 *(SORT_BY_NAME(.fini_array.*))
 *(.fini_array*)
 .fini_array    0x0800546c        0x4 E:/en.st-stm32cubeide_1.16.1_22882_20240916_0822_x86_64.exe/STM32CubeIDE_1.16.1/STM32CubeIDE/plugins/com.st.stm32cube.ide.mcu.externaltools.gnu-tools-for-stm32.12.3.rel1.win32_1.0.200.202406191623/tools/bin/../lib/gcc/arm-none-eabi/12.3.1/thumb/v7-m/nofp/crtbegin.o
                [!provide]                        PROVIDE (__fini_array_end = .)
                0x08005470                        . = ALIGN (0x4)
                0x08005470                        _sidata = LOADADDR (.data)

.data           0x20000000        0xc load address 0x08005470
                0x20000000                        . = ALIGN (0x4)
                0x20000000                        _sdata = .
 *(.data)
 *(.data*)
 .data.SystemCoreClock
                0x20000000        0x4 ./Core/Src/system_stm32f1xx.o
                0x20000000                SystemCoreClock
 .data.uwTickPrio
                0x20000004        0x4 ./Drivers/STM32F1xx_HAL_Driver/Src/stm32f1xx_hal.o
                0x20000004                uwTickPrio
 .data.uwTickFreq
                0x20000008        0x1 ./Drivers/STM32F1xx_HAL_Driver/Src/stm32f1xx_hal.o
                0x20000008                uwTickFreq
 *(.RamFunc)
 *(.RamFunc*)
                0x2000000c                        . = ALIGN (0x4)
 *fill*         0x20000009        0x3 
                0x2000000c                        _edata = .

.igot.plt       0x2000000c        0x0 load address 0x0800547c
 .igot.plt      0x2000000c        0x0 E:/en.st-stm32cubeide_1.16.1_22882_20240916_0822_x86_64.exe/STM32CubeIDE_1.16.1/STM32CubeIDE/plugins/com.st.stm32cube.ide.mcu.externaltools.gnu-tools-for-stm32.12.3.rel1.win32_1.0.200.202406191623/tools/bin/../lib/gcc/arm-none-eabi/12.3.1/thumb/v7-m/nofp/crtbegin.o
                0x2000000c                        . = ALIGN (0x4)

.bss            0x2000000c       0x3c load address 0x0800547c
                0x2000000c                        _sbss = .
                0x2000000c                        __bss_start__ = _sbss
 *(.bss)
 .bss           0x2000000c       0x1c E:/en.st-stm32cubeide_1.16.1_22882_20240916_0822_x86_64.exe/STM32CubeIDE_1.16.1/STM32CubeIDE/plugins/com.st.stm32cube.ide.mcu.externaltools.gnu-tools-for-stm32.12.3.rel1.win32_1.0.200.202406191623/tools/bin/../lib/gcc/arm-none-eabi/12.3.1/thumb/v7-m/nofp/crtbegin.o
 *(.bss*)
 .bss.txData    0x20000028        0x8 ./Core/Src/main.o
                0x20000028                txData
 .bss.rxData    0x20000030        0xe ./Core/Src/main.o
                0x20000030                rxData
 .bss.is_rxd    0x2000003e        0x1 ./Core/Src/main.o
                0x2000003e                is_rxd
 .bss.TXBnSIDL.3
                0x2000003f        0x1 ./Core/Src/mcp2515.o
 .bss.TXBnSIDL.1
                0x20000040        0x1 ./Core/Src/mcp2515.o
 *fill*         0x20000041        0x3 
 .bss.uwTick    0x20000044        0x4 ./Drivers/STM32F1xx_HAL_Driver/Src/stm32f1xx_hal.o
                0x20000044                uwTick
 *(COMMON)
                0x20000048                        . = ALIGN (0x4)
                0x20000048                        _ebss = .
                0x20000048                        __bss_end__ = _ebss

._user_heap_stack
                0x20000048      0x600 load address 0x0800547c
                0x20000048                        . = ALIGN (0x8)
                [!provide]                        PROVIDE (end = .)
                0x20000048                        PROVIDE (_end = .)
                0x20000248                        . = (. + _Min_Heap_Size)
 *fill*         0x20000048      0x200 
                0x20000648                        . = (. + _Min_Stack_Size)
 *fill*         0x20000248      0x400 
                0x20000648                        . = ALIGN (0x8)

/DISCARD/
 libc.a(*)
 libm.a(*)
 libgcc.a(*)

.ARM.attributes
                0x00000000       0x29
 *(.ARM.attributes)
 .ARM.attributes
                0x00000000       0x1d E:/en.st-stm32cubeide_1.16.1_22882_20240916_0822_x86_64.exe/STM32CubeIDE_1.16.1/STM32CubeIDE/plugins/com.st.stm32cube.ide.mcu.externaltools.gnu-tools-for-stm32.12.3.rel1.win32_1.0.200.202406191623/tools/bin/../lib/gcc/arm-none-eabi/12.3.1/thumb/v7-m/nofp/crti.o
 .ARM.attributes
                0x0000001d       0x2d E:/en.st-stm32cubeide_1.16.1_22882_20240916_0822_x86_64.exe/STM32CubeIDE_1.16.1/STM32CubeIDE/plugins/com.st.stm32cube.ide.mcu.externaltools.gnu-tools-for-stm32.12.3.rel1.win32_1.0.200.202406191623/tools/bin/../lib/gcc/arm-none-eabi/12.3.1/thumb/v7-m/nofp/crtbegin.o
 .ARM.attributes
                0x0000004a       0x2d ./Core/Src/main.o
 .ARM.attributes
                0x00000077       0x2d ./Core/Src/mcp2515.o
 .ARM.attributes
                0x000000a4       0x2d ./Core/Src/spi.o
 .ARM.attributes
                0x000000d1       0x2d ./Core/Src/stm32f1xx_hal_msp.o
 .ARM.attributes
                0x000000fe       0x2d ./Core/Src/stm32f1xx_it.o
 .ARM.attributes
                0x0000012b       0x2d ./Core/Src/system_stm32f1xx.o
 .ARM.attributes
                0x00000158       0x21 ./Core/Startup/startup_stm32f103c8tx.o
 .ARM.attributes
                0x00000179       0x2d ./Drivers/STM32F1xx_HAL_Driver/Src/stm32f1xx_hal.o
 .ARM.attributes
                0x000001a6       0x2d ./Drivers/STM32F1xx_HAL_Driver/Src/stm32f1xx_hal_cortex.o
 .ARM.attributes
                0x000001d3       0x2d E:/en.st-stm32cubeide_1.16.1_22882_20240916_0822_x86_64.exe/STM32CubeIDE_1.16.1/STM32CubeIDE/plugins/com.st.stm32cube.ide.mcu.externaltools.gnu-tools-for-stm32.12.3.rel1.win32_1.0.200.202406191623/tools/bin/../lib/gcc/arm-none-eabi/12.3.1/../../../../arm-none-eabi/lib/thumb/v7-m/nofp\libc_nano.a(libc_a-init.o)
 .ARM.attributes
                0x00000200       0x1d E:/en.st-stm32cubeide_1.16.1_22882_20240916_0822_x86_64.exe/STM32CubeIDE_1.16.1/STM32CubeIDE/plugins/com.st.stm32cube.ide.mcu.externaltools.gnu-tools-for-stm32.12.3.rel1.win32_1.0.200.202406191623/tools/bin/../lib/gcc/arm-none-eabi/12.3.1/thumb/v7-m/nofp/crtn.o

.header         0x08004000       0x14
 *(.header)
 .header        0x08004000       0x14 ./Core/Src/main.o
                0x08004000                header
OUTPUT(Actuator_CAN.elf elf32-littlearm)
LOAD linker stubs
LOAD E:/en.st-stm32cubeide_1.16.1_22882_20240916_0822_x86_64.exe/STM32CubeIDE_1.16.1/STM32CubeIDE/plugins/com.st.stm32cube.ide.mcu.externaltools.gnu-tools-for-stm32.12.3.rel1.win32_1.0.200.202406191623/tools/bin/../lib/gcc/arm-none-eabi/12.3.1/../../../../arm-none-eabi/lib/thumb/v7-m/nofp\libc.a
LOAD E:/en.st-stm32cubeide_1.16.1_22882_20240916_0822_x86_64.exe/STM32CubeIDE_1.16.1/STM32CubeIDE/plugins/com.st.stm32cube.ide.mcu.externaltools.gnu-tools-for-stm32.12.3.rel1.win32_1.0.200.202406191623/tools/bin/../lib/gcc/arm-none-eabi/12.3.1/../../../../arm-none-eabi/lib/thumb/v7-m/nofp\libm.a
LOAD E:/en.st-stm32cubeide_1.16.1_22882_20240916_0822_x86_64.exe/STM32CubeIDE_1.16.1/STM32CubeIDE/plugins/com.st.stm32cube.ide.mcu.externaltools.gnu-tools-for-stm32.12.3.rel1.win32_1.0.200.202406191623/tools/bin/../lib/gcc/arm-none-eabi/12.3.1/thumb/v7-m/nofp\libgcc.a

.rel.dyn        0x08004014        0x0
 .rel.iplt      0x08004014        0x0 E:/en.st-stm32cubeide_1.16.1_22882_20240916_0822_x86_64.exe/STM32CubeIDE_1.16.1/STM32CubeIDE/plugins/com.st.stm32cube.ide.mcu.externaltools.gnu-tools-for-stm32.12.3.rel1.win32_1.0.200.202406191623/tools/bin/../lib/gcc/arm-none-eabi/12.3.1/thumb/v7-m/nofp/crtbegin.o

.debug_info     0x00000000     0x2e55
 .debug_info    0x00000000      0xd37 ./Core/Src/main.o
 .debug_info    0x00000d37      0x71f ./Core/Src/mcp2515.o
 .debug_info    0x00001456      0x31e ./Core/Src/spi.o
 .debug_info    0x00001774      0x1f1 ./Core/Src/stm32f1xx_hal_msp.o
 .debug_info    0x00001965      0x113 ./Core/Src/stm32f1xx_it.o
 .debug_info    0x00001a78      0x222 ./Core/Src/system_stm32f1xx.o
 .debug_info    0x00001c9a       0x30 ./Core/Startup/startup_stm32f103c8tx.o
 .debug_info    0x00001cca      0x704 ./Drivers/STM32F1xx_HAL_Driver/Src/stm32f1xx_hal.o
 .debug_info    0x000023ce      0xa87 ./Drivers/STM32F1xx_HAL_Driver/Src/stm32f1xx_hal_cortex.o

.debug_abbrev   0x00000000      0xd86
 .debug_abbrev  0x00000000      0x2de ./Core/Src/main.o
 .debug_abbrev  0x000002de      0x191 ./Core/Src/mcp2515.o
 .debug_abbrev  0x0000046f      0x16d ./Core/Src/spi.o
 .debug_abbrev  0x000005dc       0xdb ./Core/Src/stm32f1xx_hal_msp.o
 .debug_abbrev  0x000006b7       0x73 ./Core/Src/stm32f1xx_it.o
 .debug_abbrev  0x0000072a      0x13f ./Core/Src/system_stm32f1xx.o
 .debug_abbrev  0x00000869       0x24 ./Core/Startup/startup_stm32f103c8tx.o
 .debug_abbrev  0x0000088d      0x201 ./Drivers/STM32F1xx_HAL_Driver/Src/stm32f1xx_hal.o
 .debug_abbrev  0x00000a8e      0x2f8 ./Drivers/STM32F1xx_HAL_Driver/Src/stm32f1xx_hal_cortex.o

.debug_aranges  0x00000000      0x3d0
 .debug_aranges
                0x00000000       0x50 ./Core/Src/main.o
 .debug_aranges
                0x00000050       0x98 ./Core/Src/mcp2515.o
 .debug_aranges
                0x000000e8       0x38 ./Core/Src/spi.o
 .debug_aranges
                0x00000120       0x20 ./Core/Src/stm32f1xx_hal_msp.o
 .debug_aranges
                0x00000140       0x60 ./Core/Src/stm32f1xx_it.o
 .debug_aranges
                0x000001a0       0x28 ./Core/Src/system_stm32f1xx.o
 .debug_aranges
                0x000001c8       0x28 ./Core/Startup/startup_stm32f103c8tx.o
 .debug_aranges
                0x000001f0       0xe0 ./Drivers/STM32F1xx_HAL_Driver/Src/stm32f1xx_hal.o
 .debug_aranges
                0x000002d0      0x100 ./Drivers/STM32F1xx_HAL_Driver/Src/stm32f1xx_hal_cortex.o

.debug_rnglists
                0x00000000      0x2b6
 .debug_rnglists
                0x00000000       0x39 ./Core/Src/main.o
 .debug_rnglists
                0x00000039       0x6f ./Core/Src/mcp2515.o
 .debug_rnglists
                0x000000a8       0x27 ./Core/Src/spi.o
 .debug_rnglists
                0x000000cf       0x13 ./Core/Src/stm32f1xx_hal_msp.o
 .debug_rnglists
                0x000000e2       0x43 ./Core/Src/stm32f1xx_it.o
 .debug_rnglists
                0x00000125       0x1a ./Core/Src/system_stm32f1xx.o
 .debug_rnglists
                0x0000013f       0x19 ./Core/Startup/startup_stm32f103c8tx.o
 .debug_rnglists
                0x00000158       0xa3 ./Drivers/STM32F1xx_HAL_Driver/Src/stm32f1xx_hal.o
 .debug_rnglists
                0x000001fb       0xbb ./Drivers/STM32F1xx_HAL_Driver/Src/stm32f1xx_hal_cortex.o

.debug_macro    0x00000000    0x15b72
 .debug_macro   0x00000000      0x1db ./Core/Src/main.o
 .debug_macro   0x000001db      0xaa8 ./Core/Src/main.o
 .debug_macro   0x00000c83      0x20f ./Core/Src/main.o
 .debug_macro   0x00000e92       0x2e ./Core/Src/main.o
 .debug_macro   0x00000ec0       0x22 ./Core/Src/main.o
 .debug_macro   0x00000ee2       0x22 ./Core/Src/main.o
 .debug_macro   0x00000f04       0x8e ./Core/Src/main.o
 .debug_macro   0x00000f92       0x51 ./Core/Src/main.o
 .debug_macro   0x00000fe3      0x103 ./Core/Src/main.o
 .debug_macro   0x000010e6       0x6a ./Core/Src/main.o
 .debug_macro   0x00001150      0x1df ./Core/Src/main.o
 .debug_macro   0x0000132f       0x1c ./Core/Src/main.o
 .debug_macro   0x0000134b       0x22 ./Core/Src/main.o
 .debug_macro   0x0000136d       0xbd ./Core/Src/main.o
 .debug_macro   0x0000142a      0xd23 ./Core/Src/main.o
 .debug_macro   0x0000214d     0xe09e ./Core/Src/main.o
 .debug_macro   0x000101eb       0x6d ./Core/Src/main.o
 .debug_macro   0x00010258     0x34a2 ./Core/Src/main.o
 .debug_macro   0x000136fa      0x189 ./Core/Src/main.o
 .debug_macro   0x00013883       0x5c ./Core/Src/main.o
 .debug_macro   0x000138df      0x5bc ./Core/Src/main.o
 .debug_macro   0x00013e9b      0x289 ./Core/Src/main.o
 .debug_macro   0x00014124      0x1cb ./Core/Src/main.o
 .debug_macro   0x000142ef      0x114 ./Core/Src/main.o
 .debug_macro   0x00014403      0x1b2 ./Core/Src/main.o
 .debug_macro   0x000145b5       0x27 ./Core/Src/main.o
 .debug_macro   0x000145dc      0x136 ./Core/Src/main.o
 .debug_macro   0x00014712      0x1bc ./Core/Src/main.o
 .debug_macro   0x000148ce       0x34 ./Core/Src/main.o
 .debug_macro   0x00014902       0x3c ./Core/Src/main.o
 .debug_macro   0x0001493e       0x57 ./Core/Src/main.o
 .debug_macro   0x00014995       0x87 ./Core/Src/main.o
 .debug_macro   0x00014a1c      0x240 ./Core/Src/main.o
 .debug_macro   0x00014c5c      0x140 ./Core/Src/main.o
 .debug_macro   0x00014d9c       0x83 ./Core/Src/main.o
 .debug_macro   0x00014e1f      0x1fc ./Core/Src/main.o
 .debug_macro   0x0001501b       0x22 ./Core/Src/main.o
 .debug_macro   0x0001503d       0x1c ./Core/Src/main.o
 .debug_macro   0x00015059      0x1ab ./Core/Src/mcp2515.o
 .debug_macro   0x00015204      0x198 ./Core/Src/spi.o
 .debug_macro   0x0001539c      0x18e ./Core/Src/stm32f1xx_hal_msp.o
 .debug_macro   0x0001552a      0x198 ./Core/Src/stm32f1xx_it.o
 .debug_macro   0x000156c2      0x184 ./Core/Src/system_stm32f1xx.o
 .debug_macro   0x00015846      0x1a8 ./Drivers/STM32F1xx_HAL_Driver/Src/stm32f1xx_hal.o
 .debug_macro   0x000159ee      0x184 ./Drivers/STM32F1xx_HAL_Driver/Src/stm32f1xx_hal_cortex.o

.debug_line     0x00000000     0x4896
 .debug_line    0x00000000      0xb14 ./Core/Src/main.o
 .debug_line    0x00000b14      0x917 ./Core/Src/mcp2515.o
 .debug_line    0x0000142b      0x857 ./Core/Src/spi.o
 .debug_line    0x00001c82      0x706 ./Core/Src/stm32f1xx_hal_msp.o
 .debug_line    0x00002388      0x7c7 ./Core/Src/stm32f1xx_it.o
 .debug_line    0x00002b4f      0x783 ./Core/Src/system_stm32f1xx.o
 .debug_line    0x000032d2       0x78 ./Core/Startup/startup_stm32f103c8tx.o
 .debug_line    0x0000334a      0x9b0 ./Drivers/STM32F1xx_HAL_Driver/Src/stm32f1xx_hal.o
 .debug_line    0x00003cfa      0xb9c ./Drivers/STM32F1xx_HAL_Driver/Src/stm32f1xx_hal_cortex.o

.debug_str      0x00000000    0x7bf31
 .debug_str     0x00000000    0x7b429 ./Core/Src/main.o
                              0x7b7b4 (size before relaxing)
 .debug_str     0x0007b429      0x127 ./Core/Src/mcp2515.o
                              0x7b3bb (size before relaxing)
 .debug_str     0x0007b550       0x29 ./Core/Src/spi.o
                              0x7ad9f (size before relaxing)
 .debug_str     0x0007b579       0x2c ./Core/Src/stm32f1xx_hal_msp.o
                              0x7ad46 (size before relaxing)
 .debug_str     0x0007b5a5       0xc9 ./Core/Src/stm32f1xx_it.o
                              0x7ad5b (size before relaxing)
 .debug_str     0x0007b66e       0x7e ./Core/Src/system_stm32f1xx.o
                              0x7ad71 (size before relaxing)
 .debug_str     0x0007b6ec       0x44 ./Core/Startup/startup_stm32f103c8tx.o
                                 0x6b (size before relaxing)
 .debug_str     0x0007b730      0x5f3 ./Drivers/STM32F1xx_HAL_Driver/Src/stm32f1xx_hal.o
                              0x7b4a4 (size before relaxing)
 .debug_str     0x0007bd23      0x20e ./Drivers/STM32F1xx_HAL_Driver/Src/stm32f1xx_hal_cortex.o
                              0x7b3f0 (size before relaxing)

.comment        0x00000000       0x43
 .comment       0x00000000       0x43 ./Core/Src/main.o
                                 0x44 (size before relaxing)
 .comment       0x00000043       0x44 ./Core/Src/mcp2515.o
 .comment       0x00000043       0x44 ./Core/Src/spi.o
 .comment       0x00000043       0x44 ./Core/Src/stm32f1xx_hal_msp.o
 .comment       0x00000043       0x44 ./Core/Src/stm32f1xx_it.o
 .comment       0x00000043       0x44 ./Core/Src/system_stm32f1xx.o
 .comment       0x00000043       0x44 ./Drivers/STM32F1xx_HAL_Driver/Src/stm32f1xx_hal.o
 .comment       0x00000043       0x44 ./Drivers/STM32F1xx_HAL_Driver/Src/stm32f1xx_hal_cortex.o

.debug_frame    0x00000000      0xd14
 .debug_frame   0x00000000      0x100 ./Core/Src/main.o
 .debug_frame   0x00000100      0x250 ./Core/Src/mcp2515.o
 .debug_frame   0x00000350       0xa8 ./Core/Src/spi.o
 .debug_frame   0x000003f8       0x38 ./Core/Src/stm32f1xx_hal_msp.o
 .debug_frame   0x00000430      0x104 ./Core/Src/stm32f1xx_it.o
 .debug_frame   0x00000534       0x58 ./Core/Src/system_stm32f1xx.o
 .debug_frame   0x0000058c      0x334 ./Drivers/STM32F1xx_HAL_Driver/Src/stm32f1xx_hal.o
 .debug_frame   0x000008c0      0x428 ./Drivers/STM32F1xx_HAL_Driver/Src/stm32f1xx_hal_cortex.o
 .debug_frame   0x00000ce8       0x2c E:/en.st-stm32cubeide_1.16.1_22882_20240916_0822_x86_64.exe/STM32CubeIDE_1.16.1/STM32CubeIDE/plugins/com.st.stm32cube.ide.mcu.externaltools.gnu-tools-for-stm32.12.3.rel1.win32_1.0.200.202406191623/tools/bin/../lib/gcc/arm-none-eabi/12.3.1/../../../../arm-none-eabi/lib/thumb/v7-m/nofp\libc_nano.a(libc_a-init.o)

.debug_line_str
                0x00000000       0x4f
 .debug_line_str
                0x00000000       0x4f ./Core/Startup/startup_stm32f103c8tx.o
