Archive member included to satisfy reference by file (symbol)

E:/en.st-stm32cubeide_1.16.1_22882_20240916_0822_x86_64.exe/STM32CubeIDE_1.16.1/STM32CubeIDE/plugins/com.st.stm32cube.ide.mcu.externaltools.gnu-tools-for-stm32.12.3.rel1.win32_1.0.200.202406191623/tools/bin/../lib/gcc/arm-none-eabi/12.3.1/../../../../arm-none-eabi/lib/thumb/v7-m/nofp\libc_nano.a(libc_a-exit.o)
                              E:/en.st-stm32cubeide_1.16.1_22882_20240916_0822_x86_64.exe/STM32CubeIDE_1.16.1/STM32CubeIDE/plugins/com.st.stm32cube.ide.mcu.externaltools.gnu-tools-for-stm32.12.3.rel1.win32_1.0.200.202406191623/tools/bin/../lib/gcc/arm-none-eabi/12.3.1/../../../../arm-none-eabi/lib/thumb/v7-m/nofp/crt0.o (exit)
E:/en.st-stm32cubeide_1.16.1_22882_20240916_0822_x86_64.exe/STM32CubeIDE_1.16.1/STM32CubeIDE/plugins/com.st.stm32cube.ide.mcu.externaltools.gnu-tools-for-stm32.12.3.rel1.win32_1.0.200.202406191623/tools/bin/../lib/gcc/arm-none-eabi/12.3.1/../../../../arm-none-eabi/lib/thumb/v7-m/nofp\libc_nano.a(libc_a-malloc.o)
                              ./Core/Src/main.o (malloc)
E:/en.st-stm32cubeide_1.16.1_22882_20240916_0822_x86_64.exe/STM32CubeIDE_1.16.1/STM32CubeIDE/plugins/com.st.stm32cube.ide.mcu.externaltools.gnu-tools-for-stm32.12.3.rel1.win32_1.0.200.202406191623/tools/bin/../lib/gcc/arm-none-eabi/12.3.1/../../../../arm-none-eabi/lib/thumb/v7-m/nofp\libc_nano.a(libc_a-mallocr.o)
                              E:/en.st-stm32cubeide_1.16.1_22882_20240916_0822_x86_64.exe/STM32CubeIDE_1.16.1/STM32CubeIDE/plugins/com.st.stm32cube.ide.mcu.externaltools.gnu-tools-for-stm32.12.3.rel1.win32_1.0.200.202406191623/tools/bin/../lib/gcc/arm-none-eabi/12.3.1/../../../../arm-none-eabi/lib/thumb/v7-m/nofp\libc_nano.a(libc_a-malloc.o) (_malloc_r)
E:/en.st-stm32cubeide_1.16.1_22882_20240916_0822_x86_64.exe/STM32CubeIDE_1.16.1/STM32CubeIDE/plugins/com.st.stm32cube.ide.mcu.externaltools.gnu-tools-for-stm32.12.3.rel1.win32_1.0.200.202406191623/tools/bin/../lib/gcc/arm-none-eabi/12.3.1/../../../../arm-none-eabi/lib/thumb/v7-m/nofp\libc_nano.a(libc_a-mlock.o)
                              E:/en.st-stm32cubeide_1.16.1_22882_20240916_0822_x86_64.exe/STM32CubeIDE_1.16.1/STM32CubeIDE/plugins/com.st.stm32cube.ide.mcu.externaltools.gnu-tools-for-stm32.12.3.rel1.win32_1.0.200.202406191623/tools/bin/../lib/gcc/arm-none-eabi/12.3.1/../../../../arm-none-eabi/lib/thumb/v7-m/nofp\libc_nano.a(libc_a-mallocr.o) (__malloc_lock)
E:/en.st-stm32cubeide_1.16.1_22882_20240916_0822_x86_64.exe/STM32CubeIDE_1.16.1/STM32CubeIDE/plugins/com.st.stm32cube.ide.mcu.externaltools.gnu-tools-for-stm32.12.3.rel1.win32_1.0.200.202406191623/tools/bin/../lib/gcc/arm-none-eabi/12.3.1/../../../../arm-none-eabi/lib/thumb/v7-m/nofp\libc_nano.a(libc_a-findfp.o)
                              E:/en.st-stm32cubeide_1.16.1_22882_20240916_0822_x86_64.exe/STM32CubeIDE_1.16.1/STM32CubeIDE/plugins/com.st.stm32cube.ide.mcu.externaltools.gnu-tools-for-stm32.12.3.rel1.win32_1.0.200.202406191623/tools/bin/../lib/gcc/arm-none-eabi/12.3.1/../../../../arm-none-eabi/lib/thumb/v7-m/nofp\libc_nano.a(libc_a-exit.o) (__stdio_exit_handler)
E:/en.st-stm32cubeide_1.16.1_22882_20240916_0822_x86_64.exe/STM32CubeIDE_1.16.1/STM32CubeIDE/plugins/com.st.stm32cube.ide.mcu.externaltools.gnu-tools-for-stm32.12.3.rel1.win32_1.0.200.202406191623/tools/bin/../lib/gcc/arm-none-eabi/12.3.1/../../../../arm-none-eabi/lib/thumb/v7-m/nofp\libc_nano.a(libc_a-fwalk.o)
                              E:/en.st-stm32cubeide_1.16.1_22882_20240916_0822_x86_64.exe/STM32CubeIDE_1.16.1/STM32CubeIDE/plugins/com.st.stm32cube.ide.mcu.externaltools.gnu-tools-for-stm32.12.3.rel1.win32_1.0.200.202406191623/tools/bin/../lib/gcc/arm-none-eabi/12.3.1/../../../../arm-none-eabi/lib/thumb/v7-m/nofp\libc_nano.a(libc_a-findfp.o) (_fwalk_sglue)
E:/en.st-stm32cubeide_1.16.1_22882_20240916_0822_x86_64.exe/STM32CubeIDE_1.16.1/STM32CubeIDE/plugins/com.st.stm32cube.ide.mcu.externaltools.gnu-tools-for-stm32.12.3.rel1.win32_1.0.200.202406191623/tools/bin/../lib/gcc/arm-none-eabi/12.3.1/../../../../arm-none-eabi/lib/thumb/v7-m/nofp\libc_nano.a(libc_a-stdio.o)
                              E:/en.st-stm32cubeide_1.16.1_22882_20240916_0822_x86_64.exe/STM32CubeIDE_1.16.1/STM32CubeIDE/plugins/com.st.stm32cube.ide.mcu.externaltools.gnu-tools-for-stm32.12.3.rel1.win32_1.0.200.202406191623/tools/bin/../lib/gcc/arm-none-eabi/12.3.1/../../../../arm-none-eabi/lib/thumb/v7-m/nofp\libc_nano.a(libc_a-findfp.o) (__sread)
E:/en.st-stm32cubeide_1.16.1_22882_20240916_0822_x86_64.exe/STM32CubeIDE_1.16.1/STM32CubeIDE/plugins/com.st.stm32cube.ide.mcu.externaltools.gnu-tools-for-stm32.12.3.rel1.win32_1.0.200.202406191623/tools/bin/../lib/gcc/arm-none-eabi/12.3.1/../../../../arm-none-eabi/lib/thumb/v7-m/nofp\libc_nano.a(libc_a-memset.o)
[...]
Memory Configuration

Name             Origin             Length             Attributes
RAM              0x20000000         0x00005000         xrw
HEADER           0x08004000         0x00000400         xr
FLASH            0x08004400         0x0000bc00         xr
*default*        0x00000000         0xffffffff

Linker script and memory map

LOAD E:/en.st-stm32cubeide_1.16.1_22882_20240916_0822_x86_64.exe/STM32CubeIDE_1.16.1/STM32CubeIDE/plugins/com.st.stm32cube.ide.mcu.externaltools.gnu-tools-for-stm32.12.3.rel1.win32_1.0.200.202406191623/tools/bin/../lib/gcc/arm-none-eabi/12.3.1/thumb/v7-m/nofp/crti.o
LOAD E:/en.st-stm32cubeide_1.16.1_22882_20240916_0822_x86_64.exe/STM32CubeIDE_1.16.1/STM32CubeIDE/plugins/com.st.stm32cube.ide.mcu.externaltools.gnu-tools-for-stm32.12.3.rel1.win32_1.0.200.202406191623/tools/bin/../lib/gcc/arm-none-eabi/12.3.1/thumb/v7-m/nofp/crtbegin.o
LOAD E:/en.st-stm32cubeide_1.16.1_22882_20240916_0822_x86_64.exe/STM32CubeIDE_1.16.1/STM32CubeIDE/plugins/com.st.stm32cube.ide.mcu.externaltools.gnu-tools-for-stm32.12.3.rel1.win32_1.0.200.202406191623/tools/bin/../lib/gcc/arm-none-eabi/12.3.1/../../../../arm-none-eabi/lib/thumb/v7-m/nofp/crt0.o
LOAD ./Core/Src/enc28j60.o
LOAD ./Core/Src/main.o
LOAD ./Core/Src/mcp2515.o
LOAD ./Core/Src/spi.o
LOAD ./Core/Src/stm32f1xx_hal_msp.o
LOAD ./Core/Src/stm32f1xx_it.o
LOAD ./Core/Src/syscalls.o
LOAD ./Core/Src/sysmem.o
LOAD ./Core/Src/system_stm32f1xx.o
LOAD ./Core/Startup/startup_stm32f103c8tx.o
LOAD ./Drivers/STM32F1xx_HAL_Driver/Src/stm32f1xx_hal.o
LOAD ./Drivers/STM32F1xx_HAL_Driver/Src/stm32f1xx_hal_cortex.o
LOAD ./Drivers/STM32F1xx_HAL_Driver/Src/stm32f1xx_hal_dma.o
LOAD ./Drivers/STM32F1xx_HAL_Driver/Src/stm32f1xx_hal_exti.o
LOAD ./Drivers/STM32F1xx_HAL_Driver/Src/stm32f1xx_hal_flash.o
LOAD ./Drivers/STM32F1xx_HAL_Driver/Src/stm32f1xx_hal_flash_ex.o
LOAD ./Drivers/STM32F1xx_HAL_Driver/Src/stm32f1xx_hal_gpio.o
LOAD ./Drivers/STM32F1xx_HAL_Driver/Src/stm32f1xx_hal_gpio_ex.o
LOAD ./Drivers/STM32F1xx_HAL_Driver/Src/stm32f1xx_hal_pwr.o
LOAD ./Drivers/STM32F1xx_HAL_Driver/Src/stm32f1xx_hal_rcc.o
LOAD ./Drivers/STM32F1xx_HAL_Driver/Src/stm32f1xx_hal_rcc_ex.o
START GROUP
LOAD E:/en.st-stm32cubeide_1.16.1_22882_20240916_0822_x86_64.exe/STM32CubeIDE_1.16.1/STM32CubeIDE/plugins/com.st.stm32cube.ide.mcu.externaltools.gnu-tools-for-stm32.12.3.rel1.win32_1.0.200.202406191623/tools/bin/../lib/gcc/arm-none-eabi/12.3.1/../../../../arm-none-eabi/lib/thumb/v7-m/nofp\libc_nano.a
LOAD E:/en.st-stm32cubeide_1.16.1_22882_20240916_0822_x86_64.exe/STM32CubeIDE_1.16.1/STM32CubeIDE/plugins/com.st.stm32cube.ide.mcu.externaltools.gnu-tools-for-stm32.12.3.rel1.win32_1.0.200.202406191623/tools/bin/../lib/gcc/arm-none-eabi/12.3.1/../../../../arm-none-eabi/lib/thumb/v7-m/nofp\libm.a
END GROUP
START GROUP
LOAD E:/en.st-stm32cubeide_1.16.1_22882_20240916_0822_x86_64.exe/STM32CubeIDE_1.16.1/STM32CubeIDE/plugins/com.st.stm32cube.ide.mcu.externaltools.gnu-tools-for-stm32.12.3.rel1.win32_1.0.200.202406191623/tools/bin/../lib/gcc/arm-none-eabi/12.3.1/thumb/v7-m/nofp\libgcc.a
LOAD E:/en.st-stm32cubeide_1.16.1_22882_20240916_0822_x86_64.exe/STM32CubeIDE_1.16.1/STM32CubeIDE/plugins/com.st.stm32cube.ide.mcu.externaltools.gnu-tools-for-stm32.12.3.rel1.win32_1.0.200.202406191623/tools/bin/../lib/gcc/arm-none-eabi/12.3.1/../../../../arm-none-eabi/lib/thumb/v7-m/nofp\libc_nano.a
END GROUP
START GROUP
LOAD E:/en.st-stm32cubeide_1.16.1_22882_20240916_0822_x86_64.exe/STM32CubeIDE_1.16.1/STM32CubeIDE/plugins/com.st.stm32cube.ide.mcu.externaltools.gnu-tools-for-stm32.12.3.rel1.win32_1.0.200.202406191623/tools/bin/../lib/gcc/arm-none-eabi/12.3.1/thumb/v7-m/nofp\libgcc.a
LOAD E:/en.st-stm32cubeide_1.16.1_22882_20240916_0822_x86_64.exe/STM32CubeIDE_1.16.1/STM32CubeIDE/plugins/com.st.stm32cube.ide.mcu.externaltools.gnu-tools-for-stm32.12.3.rel1.win32_1.0.200.202406191623/tools/bin/../lib/gcc/arm-none-eabi/12.3.1/../../../../arm-none-eabi/lib/thumb/v7-m/nofp\libc_nano.a
LOAD E:/en.st-stm32cubeide_1.16.1_22882_20240916_0822_x86_64.exe/STM32CubeIDE_1.16.1/STM32CubeIDE/plugins/com.st.stm32cube.ide.mcu.externaltools.gnu-tools-for-stm32.12.3.rel1.win32_1.0.200.202406191623/tools/bin/../lib/gcc/arm-none-eabi/12.3.1/../../../../arm-none-eabi/lib/thumb/v7-m/nofp\libnosys.a
END GROUP
START GROUP
LOAD E:/en.st-stm32cubeide_1.16.1_22882_20240916_0822_x86_64.exe/STM32CubeIDE_1.16.1/STM32CubeIDE/plugins/com.st.stm32cube.ide.mcu.externaltools.gnu-tools-for-stm32.12.3.rel1.win32_1.0.200.202406191623/tools/bin/../lib/gcc/arm-none-eabi/12.3.1/thumb/v7-m/nofp\libgcc.a
LOAD E:/en.st-stm32cubeide_1.16.1_22882_20240916_0822_x86_64.exe/STM32CubeIDE_1.16.1/STM32CubeIDE/plugins/com.st.stm32cube.ide.mcu.externaltools.gnu-tools-for-stm32.12.3.rel1.win32_1.0.200.202406191623/tools/bin/../lib/gcc/arm-none-eabi/12.3.1/../../../../arm-none-eabi/lib/thumb/v7-m/nofp\libc_nano.a
LOAD E:/en.st-stm32cubeide_1.16.1_22882_20240916_0822_x86_64.exe/STM32CubeIDE_1.16.1/STM32CubeIDE/plugins/com.st.stm32cube.ide.mcu.externaltools.gnu-tools-for-stm32.12.3.rel1.win32_1.0.200.202406191623/tools/bin/../lib/gcc/arm-none-eabi/12.3.1/../../../../arm-none-eabi/lib/thumb/v7-m/nofp\libnosys.a
END GROUP
LOAD E:/en.st-stm32cubeide_1.16.1_22882_20240916_0822_x86_64.exe/STM32CubeIDE_1.16.1/STM32CubeIDE/plugins/com.st.stm32cube.ide.mcu.externaltools.gnu-tools-for-stm32.12.3.rel1.win32_1.0.200.202406191623/tools/bin/../lib/gcc/arm-none-eabi/12.3.1/thumb/v7-m/nofp/crtend.o
LOAD E:/en.st-stm32cubeide_1.16.1_22882_20240916_0822_x86_64.exe/STM32CubeIDE_1.16.1/STM32CubeIDE/plugins/com.st.stm32cube.ide.mcu.externaltools.gnu-tools-for-stm32.12.3.rel1.win32_1.0.200.202406191623/tools/bin/../lib/gcc/arm-none-eabi/12.3.1/thumb/v7-m/nofp/crtn.o
                0x20005000                        _estack = (ORIGIN (RAM) + LENGTH (RAM))
                0x00000200                        _Min_Heap_Size = 0x200
                0x00000400                        _Min_Stack_Size = 0x400

.isr_vector     0x08004400      0x10c
                0x08004400                        . = ALIGN (0x4)
 *(.isr_vector)
 .isr_vector    0x08004400      0x10c ./Core/Startup/startup_stm32f103c8tx.o
                0x08004400                g_pfnVectors
                0x0800450c                        . = ALIGN (0x4)

.text           0x0800450c     0x2150
                0x0800450c                        . = ALIGN (0x4)
 *(.text)
 .text          0x0800450c       0x40 E:/en.st-stm32cubeide_1.16.1_22882_20240916_0822_x86_64.exe/STM32CubeIDE_1.16.1/STM32CubeIDE/plugins/com.st.stm32cube.ide.mcu.externaltools.gnu-tools-for-stm32.12.3.rel1.win32_1.0.200.202406191623/tools/bin/../lib/gcc/arm-none-eabi/12.3.1/thumb/v7-m/nofp/crtbegin.o
 *(.text*)
 .text.enc_write_byte
                0x0800454c       0x40 ./Core/Src/enc28j60.o
                0x0800454c                enc_write_byte
 .text.enc_read_byte
                0x0800458c       0x40 ./Core/Src/enc28j60.o
                0x0800458c                enc_read_byte
 .text.enc_write_buffer
                0x080045cc       0x40 ./Core/Src/enc28j60.o
                0x080045cc                enc_write_buffer
 .text.enc_set_bits
                0x0800460c       0x40 ./Core/Src/enc28j60.o
                0x0800460c                enc_set_bits
 .text.enc_clear_bits
                0x0800464c       0x40 ./Core/Src/enc28j60.o
                0x0800464c                enc_clear_bits
 .text.enc_read_buffer
                0x0800468c       0x42 ./Core/Src/enc28j60.o
                0x0800468c                enc_read_buffer
 .text.enc_reset
                0x080046ce       0x2e ./Core/Src/enc28j60.o
                0x080046ce                enc_reset
 .text.enc_init
                0x080046fc      0x146 ./Core/Src/enc28j60.o
                0x080046fc                enc_init
 *fill*         0x08004842        0x2 
 .text.enc_transmit
                0x08004844       0xac ./Core/Src/enc28j60.o
                0x08004844                enc_transmit
 .text.EXTI9_5_IRQHandler
                0x080048f0       0x78 ./Core/Src/main.o
                0x080048f0                EXTI9_5_IRQHandler
 .text.EXTI15_10_IRQHandler
                0x08004968       0x54 ./Core/Src/main.o
                0x08004968                EXTI15_10_IRQHandler
 .text.delay_us
                0x080049bc       0x2c ./Core/Src/main.o
                0x080049bc                delay_us
 .text.delay_ms
                0x080049e8       0x28 ./Core/Src/main.o
                0x080049e8                delay_ms
 .text.createID
                0x08004a10       0x36 ./Core/Src/main.o
                0x08004a10                createID
 *fill*         0x08004a46        0x2 
 .text.insertID
                0x08004a48       0x64 ./Core/Src/main.o
                0x08004a48                insertID
 .text.deleteByValue
                0x08004aac       0x70 ./Core/Src/main.o
                0x08004aac                deleteByValue
 .text.main     0x08004b1c      0x7c0 ./Core/Src/main.o
                0x08004b1c                main
 .text.SystemClock_Config
                0x080052dc       0x76 ./Core/Src/main.o
                0x080052dc                SystemClock_Config
 .text.Error_Handler
                0x08005352        0xc ./Core/Src/main.o
                0x08005352                Error_Handler
 .text.mcp_rts  0x0800535e       0x38 ./Core/Src/mcp2515.o
                0x0800535e                mcp_rts
 .text.mcp_reset
                0x08005396       0x2e ./Core/Src/mcp2515.o
                0x08005396                mcp_reset
 .text.mcp_bit_modify
                0x080053c4       0x4c ./Core/Src/mcp2515.o
                0x080053c4                mcp_bit_modify
 .text.mcp_write_byte
                0x08005410       0x3e ./Core/Src/mcp2515.o
                0x08005410                mcp_write_byte
 .text.mcp_read_buffer
                0x0800544e       0x46 ./Core/Src/mcp2515.o
                0x0800544e                mcp_read_buffer
 .text.mcp_load_buffer
                0x08005494       0x4c ./Core/Src/mcp2515.o
                0x08005494                mcp_load_buffer
 .text.mcp_activate_rx
                0x080054e0       0xae ./Core/Src/mcp2515.o
                0x080054e0                mcp_activate_rx
 *fill*         0x0800558e        0x2 
 .text.mcp_set_ID_standard
                0x08005590       0x40 ./Core/Src/mcp2515.o
                0x08005590                mcp_set_ID_standard
 .text.mcp_send
                0x080055d0       0x3e ./Core/Src/mcp2515.o
                0x080055d0                mcp_send
 .text.spi_transmit
                0x0800560e       0xca ./Core/Src/spi.o
                0x0800560e                spi_transmit
 .text.spi_receive
                0x080056d8       0x9a ./Core/Src/spi.o
                0x080056d8                spi_receive
 .text.spi_select
                0x08005772       0x28 ./Core/Src/spi.o
                0x08005772                spi_select
 .text.spi_unselect
                0x0800579a       0x26 ./Core/Src/spi.o
                0x0800579a                spi_unselect
 .text.HAL_MspInit
                0x080057c0       0x44 ./Core/Src/stm32f1xx_hal_msp.o
                0x080057c0                HAL_MspInit
 .text.NMI_Handler
                0x08005804        0x8 ./Core/Src/stm32f1xx_it.o
                0x08005804                NMI_Handler
 .text.HardFault_Handler
                0x0800580c        0x8 ./Core/Src/stm32f1xx_it.o
                0x0800580c                HardFault_Handler
 .text.MemManage_Handler
                0x08005814        0x8 ./Core/Src/stm32f1xx_it.o
                0x08005814                MemManage_Handler
 .text.BusFault_Handler
                0x0800581c        0x8 ./Core/Src/stm32f1xx_it.o
                0x0800581c                BusFault_Handler
 .text.UsageFault_Handler
                0x08005824        0x8 ./Core/Src/stm32f1xx_it.o
                0x08005824                UsageFault_Handler
 .text.SVC_Handler
                0x0800582c        0xc ./Core/Src/stm32f1xx_it.o
                0x0800582c                SVC_Handler
 .text.DebugMon_Handler
                0x08005838        0xc ./Core/Src/stm32f1xx_it.o
                0x08005838                DebugMon_Handler
 .text.PendSV_Handler
                0x08005844        0xc ./Core/Src/stm32f1xx_it.o
                0x08005844                PendSV_Handler
 .text.SysTick_Handler
                0x08005850        0xc ./Core/Src/stm32f1xx_it.o
                0x08005850                SysTick_Handler
 .text._sbrk    0x0800585c       0x6c ./Core/Src/sysmem.o
                0x0800585c                _sbrk
 .text.SystemInit
                0x080058c8        0xc ./Core/Src/system_stm32f1xx.o
                0x080058c8                SystemInit
 .text.Reset_Handler
                0x080058d4       0x48 ./Core/Startup/startup_stm32f103c8tx.o
                0x080058d4                Reset_Handler
 .text.Default_Handler
                0x0800591c        0x2 ./Core/Startup/startup_stm32f103c8tx.o
                0x0800591c                RTC_Alarm_IRQHandler
                0x0800591c                EXTI2_IRQHandler
                0x0800591c                TIM1_CC_IRQHandler
                0x0800591c                PVD_IRQHandler
                0x0800591c                EXTI3_IRQHandler
                0x0800591c                EXTI0_IRQHandler
                0x0800591c                I2C2_EV_IRQHandler
                0x0800591c                ADC1_2_IRQHandler
                0x0800591c                SPI1_IRQHandler
                0x0800591c                TAMPER_IRQHandler
                0x0800591c                DMA1_Channel4_IRQHandler
                0x0800591c                USART3_IRQHandler
                0x0800591c                RTC_IRQHandler
                0x0800591c                DMA1_Channel7_IRQHandler
                0x0800591c                CAN1_RX1_IRQHandler
                0x0800591c                TIM4_IRQHandler
                0x0800591c                I2C1_EV_IRQHandler
                0x0800591c                DMA1_Channel6_IRQHandler
                0x0800591c                TIM3_IRQHandler
                0x0800591c                RCC_IRQHandler
                0x0800591c                TIM1_TRG_COM_IRQHandler
                0x0800591c                DMA1_Channel1_IRQHandler
                0x0800591c                Default_Handler
                0x0800591c                SPI2_IRQHandler
                0x0800591c                DMA1_Channel5_IRQHandler
                0x0800591c                EXTI4_IRQHandler
                0x0800591c                USB_LP_CAN1_RX0_IRQHandler
                0x0800591c                USB_HP_CAN1_TX_IRQHandler
                0x0800591c                DMA1_Channel3_IRQHandler
                0x0800591c                TIM1_UP_IRQHandler
                0x0800591c                WWDG_IRQHandler
                0x0800591c                TIM2_IRQHandler
                0x0800591c                TIM1_BRK_IRQHandler
                0x0800591c                EXTI1_IRQHandler
                0x0800591c                USART2_IRQHandler
                0x0800591c                I2C2_ER_IRQHandler
                0x0800591c                DMA1_Channel2_IRQHandler
                0x0800591c                CAN1_SCE_IRQHandler
                0x0800591c                FLASH_IRQHandler
                0x0800591c                USART1_IRQHandler
                0x0800591c                I2C1_ER_IRQHandler
                0x0800591c                USBWakeUp_IRQHandler
 *fill*         0x0800591e        0x2 
 .text.HAL_Init
                0x08005920       0x2c ./Drivers/STM32F1xx_HAL_Driver/Src/stm32f1xx_hal.o
                0x08005920                HAL_Init
 .text.HAL_InitTick
                0x0800594c       0x60 ./Drivers/STM32F1xx_HAL_Driver/Src/stm32f1xx_hal.o
                0x0800594c                HAL_InitTick
 .text.HAL_IncTick
                0x080059ac       0x24 ./Drivers/STM32F1xx_HAL_Driver/Src/stm32f1xx_hal.o
                0x080059ac                HAL_IncTick
 .text.HAL_GetTick
                0x080059d0       0x14 ./Drivers/STM32F1xx_HAL_Driver/Src/stm32f1xx_hal.o
                0x080059d0                HAL_GetTick
 .text.HAL_Delay
                0x080059e4       0x48 ./Drivers/STM32F1xx_HAL_Driver/Src/stm32f1xx_hal.o
                0x080059e4                HAL_Delay
 .text.__NVIC_SetPriorityGrouping
                0x08005a2c       0x48 ./Drivers/STM32F1xx_HAL_Driver/Src/stm32f1xx_hal_cortex.o
 .text.__NVIC_GetPriorityGrouping
                0x08005a74       0x1c ./Drivers/STM32F1xx_HAL_Driver/Src/stm32f1xx_hal_cortex.o
 .text.__NVIC_SetPriority
                0x08005a90       0x54 ./Drivers/STM32F1xx_HAL_Driver/Src/stm32f1xx_hal_cortex.o
 .text.NVIC_EncodePriority
                0x08005ae4       0x64 ./Drivers/STM32F1xx_HAL_Driver/Src/stm32f1xx_hal_cortex.o
 .text.SysTick_Config
                0x08005b48       0x44 ./Drivers/STM32F1xx_HAL_Driver/Src/stm32f1xx_hal_cortex.o
 .text.HAL_NVIC_SetPriorityGrouping
                0x08005b8c       0x16 ./Drivers/STM32F1xx_HAL_Driver/Src/stm32f1xx_hal_cortex.o
                0x08005b8c                HAL_NVIC_SetPriorityGrouping
 .text.HAL_NVIC_SetPriority
                0x08005ba2       0x38 ./Drivers/STM32F1xx_HAL_Driver/Src/stm32f1xx_hal_cortex.o
                0x08005ba2                HAL_NVIC_SetPriority
 .text.HAL_SYSTICK_Config
                0x08005bda       0x18 ./Drivers/STM32F1xx_HAL_Driver/Src/stm32f1xx_hal_cortex.o
                0x08005bda                HAL_SYSTICK_Config
 *fill*         0x08005bf2        0x2 
 .text.HAL_RCC_OscConfig
                0x08005bf4      0x504 ./Drivers/STM32F1xx_HAL_Driver/Src/stm32f1xx_hal_rcc.o
                0x08005bf4                HAL_RCC_OscConfig
 .text.HAL_RCC_ClockConfig
                0x080060f8      0x1d4 ./Drivers/STM32F1xx_HAL_Driver/Src/stm32f1xx_hal_rcc.o
                0x080060f8                HAL_RCC_ClockConfig
 .text.HAL_RCC_GetSysClockFreq
                0x080062cc       0xa8 ./Drivers/STM32F1xx_HAL_Driver/Src/stm32f1xx_hal_rcc.o
                0x080062cc                HAL_RCC_GetSysClockFreq
 .text.RCC_Delay
                0x08006374       0x3c ./Drivers/STM32F1xx_HAL_Driver/Src/stm32f1xx_hal_rcc.o
 .text.malloc   0x080063b0       0x10 E:/en.st-stm32cubeide_1.16.1_22882_20240916_0822_x86_64.exe/STM32CubeIDE_1.16.1/STM32CubeIDE/plugins/com.st.stm32cube.ide.mcu.externaltools.gnu-tools-for-stm32.12.3.rel1.win32_1.0.200.202406191623/tools/bin/../lib/gcc/arm-none-eabi/12.3.1/../../../../arm-none-eabi/lib/thumb/v7-m/nofp\libc_nano.a(libc_a-malloc.o)
                0x080063b0                malloc
 .text.free     0x080063c0       0x10 E:/en.st-stm32cubeide_1.16.1_22882_20240916_0822_x86_64.exe/STM32CubeIDE_1.16.1/STM32CubeIDE/plugins/com.st.stm32cube.ide.mcu.externaltools.gnu-tools-for-stm32.12.3.rel1.win32_1.0.200.202406191623/tools/bin/../lib/gcc/arm-none-eabi/12.3.1/../../../../arm-none-eabi/lib/thumb/v7-m/nofp\libc_nano.a(libc_a-malloc.o)
                0x080063c0                free
 .text.sbrk_aligned
                0x080063d0       0x44 E:/en.st-stm32cubeide_1.16.1_22882_20240916_0822_x86_64.exe/STM32CubeIDE_1.16.1/STM32CubeIDE/plugins/com.st.stm32cube.ide.mcu.externaltools.gnu-tools-for-stm32.12.3.rel1.win32_1.0.200.202406191623/tools/bin/../lib/gcc/arm-none-eabi/12.3.1/../../../../arm-none-eabi/lib/thumb/v7-m/nofp\libc_nano.a(libc_a-mallocr.o)
 .text._malloc_r
                0x08006414      0x100 E:/en.st-stm32cubeide_1.16.1_22882_20240916_0822_x86_64.exe/STM32CubeIDE_1.16.1/STM32CubeIDE/plugins/com.st.stm32cube.ide.mcu.externaltools.gnu-tools-for-stm32.12.3.rel1.win32_1.0.200.202406191623/tools/bin/../lib/gcc/arm-none-eabi/12.3.1/../../../../arm-none-eabi/lib/thumb/v7-m/nofp\libc_nano.a(libc_a-mallocr.o)
                0x08006414                _malloc_r
 .text.__malloc_lock
                0x08006514        0xc E:/en.st-stm32cubeide_1.16.1_22882_20240916_0822_x86_64.exe/STM32CubeIDE_1.16.1/STM32CubeIDE/plugins/com.st.stm32cube.ide.mcu.externaltools.gnu-tools-for-stm32.12.3.rel1.win32_1.0.200.202406191623/tools/bin/../lib/gcc/arm-none-eabi/12.3.1/../../../../arm-none-eabi/lib/thumb/v7-m/nofp\libc_nano.a(libc_a-mlock.o)
                0x08006514                __malloc_lock
 .text.__malloc_unlock
                0x08006520        0xc E:/en.st-stm32cubeide_1.16.1_22882_20240916_0822_x86_64.exe/STM32CubeIDE_1.16.1/STM32CubeIDE/plugins/com.st.stm32cube.ide.mcu.externaltools.gnu-tools-for-stm32.12.3.rel1.win32_1.0.200.202406191623/tools/bin/../lib/gcc/arm-none-eabi/12.3.1/../../../../arm-none-eabi/lib/thumb/v7-m/nofp\libc_nano.a(libc_a-mlock.o)
                0x08006520                __malloc_unlock
 .text.memset   0x0800652c       0x10 E:/en.st-stm32cubeide_1.16.1_22882_20240916_0822_x86_64.exe/STM32CubeIDE_1.16.1/STM32CubeIDE/plugins/com.st.stm32cube.ide.mcu.externaltools.gnu-tools-for-stm32.12.3.rel1.win32_1.0.200.202406191623/tools/bin/../lib/gcc/arm-none-eabi/12.3.1/../../../../arm-none-eabi/lib/thumb/v7-m/nofp\libc_nano.a(libc_a-memset.o)
                0x0800652c                memset
 .text._sbrk_r  0x0800653c       0x20 E:/en.st-stm32cubeide_1.16.1_22882_20240916_0822_x86_64.exe/STM32CubeIDE_1.16.1/STM32CubeIDE/plugins/com.st.stm32cube.ide.mcu.externaltools.gnu-tools-for-stm32.12.3.rel1.win32_1.0.200.202406191623/tools/bin/../lib/gcc/arm-none-eabi/12.3.1/../../../../arm-none-eabi/lib/thumb/v7-m/nofp\libc_nano.a(libc_a-sbrkr.o)
                0x0800653c                _sbrk_r
 .text.__errno  0x0800655c        0xc E:/en.st-stm32cubeide_1.16.1_22882_20240916_0822_x86_64.exe/STM32CubeIDE_1.16.1/STM32CubeIDE/plugins/com.st.stm32cube.ide.mcu.externaltools.gnu-tools-for-stm32.12.3.rel1.win32_1.0.200.202406191623/tools/bin/../lib/gcc/arm-none-eabi/12.3.1/../../../../arm-none-eabi/lib/thumb/v7-m/nofp\libc_nano.a(libc_a-errno.o)
                0x0800655c                __errno
 .text.__libc_init_array
                0x08006568       0x48 E:/en.st-stm32cubeide_1.16.1_22882_20240916_0822_x86_64.exe/STM32CubeIDE_1.16.1/STM32CubeIDE/plugins/com.st.stm32cube.ide.mcu.externaltools.gnu-tools-for-stm32.12.3.rel1.win32_1.0.200.202406191623/tools/bin/../lib/gcc/arm-none-eabi/12.3.1/../../../../arm-none-eabi/lib/thumb/v7-m/nofp\libc_nano.a(libc_a-init.o)
                0x08006568                __libc_init_array
 .text.__retarget_lock_acquire_recursive
                0x080065b0        0x2 E:/en.st-stm32cubeide_1.16.1_22882_20240916_0822_x86_64.exe/STM32CubeIDE_1.16.1/STM32CubeIDE/plugins/com.st.stm32cube.ide.mcu.externaltools.gnu-tools-for-stm32.12.3.rel1.win32_1.0.200.202406191623/tools/bin/../lib/gcc/arm-none-eabi/12.3.1/../../../../arm-none-eabi/lib/thumb/v7-m/nofp\libc_nano.a(libc_a-lock.o)
                0x080065b0                __retarget_lock_acquire_recursive
 .text.__retarget_lock_release_recursive
                0x080065b2        0x2 E:/en.st-stm32cubeide_1.16.1_22882_20240916_0822_x86_64.exe/STM32CubeIDE_1.16.1/STM32CubeIDE/plugins/com.st.stm32cube.ide.mcu.externaltools.gnu-tools-for-stm32.12.3.rel1.win32_1.0.200.202406191623/tools/bin/../lib/gcc/arm-none-eabi/12.3.1/../../../../arm-none-eabi/lib/thumb/v7-m/nofp\libc_nano.a(libc_a-lock.o)
                0x080065b2                __retarget_lock_release_recursive
 .text._free_r  0x080065b4       0x90 E:/en.st-stm32cubeide_1.16.1_22882_20240916_0822_x86_64.exe/STM32CubeIDE_1.16.1/STM32CubeIDE/plugins/com.st.stm32cube.ide.mcu.externaltools.gnu-tools-for-stm32.12.3.rel1.win32_1.0.200.202406191623/tools/bin/../lib/gcc/arm-none-eabi/12.3.1/../../../../arm-none-eabi/lib/thumb/v7-m/nofp\libc_nano.a(libc_a-freer.o)
                0x080065b4                _free_r
 *(.glue_7)
 .glue_7        0x08006644        0x0 linker stubs
 *(.glue_7t)
 .glue_7t       0x08006644        0x0 linker stubs
 *(.eh_frame)
 .eh_frame      0x08006644        0x0 E:/en.st-stm32cubeide_1.16.1_22882_20240916_0822_x86_64.exe/STM32CubeIDE_1.16.1/STM32CubeIDE/plugins/com.st.stm32cube.ide.mcu.externaltools.gnu-tools-for-stm32.12.3.rel1.win32_1.0.200.202406191623/tools/bin/../lib/gcc/arm-none-eabi/12.3.1/thumb/v7-m/nofp/crtbegin.o
 *(.init)
 .init          0x08006644        0x4 E:/en.st-stm32cubeide_1.16.1_22882_20240916_0822_x86_64.exe/STM32CubeIDE_1.16.1/STM32CubeIDE/plugins/com.st.stm32cube.ide.mcu.externaltools.gnu-tools-for-stm32.12.3.rel1.win32_1.0.200.202406191623/tools/bin/../lib/gcc/arm-none-eabi/12.3.1/thumb/v7-m/nofp/crti.o
                0x08006644                _init
 .init          0x08006648        0x8 E:/en.st-stm32cubeide_1.16.1_22882_20240916_0822_x86_64.exe/STM32CubeIDE_1.16.1/STM32CubeIDE/plugins/com.st.stm32cube.ide.mcu.externaltools.gnu-tools-for-stm32.12.3.rel1.win32_1.0.200.202406191623/tools/bin/../lib/gcc/arm-none-eabi/12.3.1/thumb/v7-m/nofp/crtn.o
 *(.fini)
 .fini          0x08006650        0x4 E:/en.st-stm32cubeide_1.16.1_22882_20240916_0822_x86_64.exe/STM32CubeIDE_1.16.1/STM32CubeIDE/plugins/com.st.stm32cube.ide.mcu.externaltools.gnu-tools-for-stm32.12.3.rel1.win32_1.0.200.202406191623/tools/bin/../lib/gcc/arm-none-eabi/12.3.1/thumb/v7-m/nofp/crti.o
                0x08006650                _fini
 .fini          0x08006654        0x8 E:/en.st-stm32cubeide_1.16.1_22882_20240916_0822_x86_64.exe/STM32CubeIDE_1.16.1/STM32CubeIDE/plugins/com.st.stm32cube.ide.mcu.externaltools.gnu-tools-for-stm32.12.3.rel1.win32_1.0.200.202406191623/tools/bin/../lib/gcc/arm-none-eabi/12.3.1/thumb/v7-m/nofp/crtn.o
                0x0800665c                        . = ALIGN (0x4)
                0x0800665c                        _etext = .

.vfp11_veneer   0x0800665c        0x0
 .vfp11_veneer  0x0800665c        0x0 linker stubs

.v4_bx          0x0800665c        0x0
 .v4_bx         0x0800665c        0x0 linker stubs

.iplt           0x0800665c        0x0
 .iplt          0x0800665c        0x0 E:/en.st-stm32cubeide_1.16.1_22882_20240916_0822_x86_64.exe/STM32CubeIDE_1.16.1/STM32CubeIDE/plugins/com.st.stm32cube.ide.mcu.externaltools.gnu-tools-for-stm32.12.3.rel1.win32_1.0.200.202406191623/tools/bin/../lib/gcc/arm-none-eabi/12.3.1/thumb/v7-m/nofp/crtbegin.o

.rodata         0x0800665c       0x54
                0x0800665c                        . = ALIGN (0x4)
 *(.rodata)
 .rodata        0x0800665c       0x10 ./Core/Src/enc28j60.o
 .rodata        0x0800666c       0x20 ./Core/Src/main.o
 *(.rodata*)
 .rodata.AHBPrescTable
                0x0800668c       0x10 ./Core/Src/system_stm32f1xx.o
                0x0800668c                AHBPrescTable
 .rodata.aPLLMULFactorTable.1
                0x0800669c       0x10 ./Drivers/STM32F1xx_HAL_Driver/Src/stm32f1xx_hal_rcc.o
 .rodata.aPredivFactorTable.0
                0x080066ac        0x2 ./Drivers/STM32F1xx_HAL_Driver/Src/stm32f1xx_hal_rcc.o
                0x080066b0                        . = ALIGN (0x4)
 *fill*         0x080066ae        0x2 

.ARM.extab      0x080066b0        0x0
                0x080066b0                        . = ALIGN (0x4)
 *(.ARM.extab* .gnu.linkonce.armextab.*)
                0x080066b0                        . = ALIGN (0x4)

.ARM            0x080066b0        0x0
                0x080066b0                        . = ALIGN (0x4)
                0x080066b0                        __exidx_start = .
 *(.ARM.exidx*)
                0x080066b0                        __exidx_end = .
                0x080066b0                        . = ALIGN (0x4)

.preinit_array  0x080066b0        0x0
                0x080066b0                        . = ALIGN (0x4)
                0x080066b0                        PROVIDE (__preinit_array_start = .)
 *(.preinit_array*)
                0x080066b0                        PROVIDE (__preinit_array_end = .)
                0x080066b0                        . = ALIGN (0x4)

.init_array     0x080066b0        0x4
                0x080066b0                        . = ALIGN (0x4)
                0x080066b0                        PROVIDE (__init_array_start = .)
 *(SORT_BY_NAME(.init_array.*))
 *(.init_array*)
 .init_array    0x080066b0        0x4 E:/en.st-stm32cubeide_1.16.1_22882_20240916_0822_x86_64.exe/STM32CubeIDE_1.16.1/STM32CubeIDE/plugins/com.st.stm32cube.ide.mcu.externaltools.gnu-tools-for-stm32.12.3.rel1.win32_1.0.200.202406191623/tools/bin/../lib/gcc/arm-none-eabi/12.3.1/thumb/v7-m/nofp/crtbegin.o
                0x080066b4                        PROVIDE (__init_array_end = .)
                0x080066b4                        . = ALIGN (0x4)

.fini_array     0x080066b4        0x4
                0x080066b4                        . = ALIGN (0x4)
                [!provide]                        PROVIDE (__fini_array_start = .)
 *(SORT_BY_NAME(.fini_array.*))
 *(.fini_array*)
 .fini_array    0x080066b4        0x4 E:/en.st-stm32cubeide_1.16.1_22882_20240916_0822_x86_64.exe/STM32CubeIDE_1.16.1/STM32CubeIDE/plugins/com.st.stm32cube.ide.mcu.externaltools.gnu-tools-for-stm32.12.3.rel1.win32_1.0.200.202406191623/tools/bin/../lib/gcc/arm-none-eabi/12.3.1/thumb/v7-m/nofp/crtbegin.o
                [!provide]                        PROVIDE (__fini_array_end = .)
                0x080066b8                        . = ALIGN (0x4)
                0x080066b8                        _sidata = LOADADDR (.data)

.data           0x20000000       0x6c load address 0x080066b8
                0x20000000                        . = ALIGN (0x4)
                0x20000000                        _sdata = .
 *(.data)
 *(.data*)
 .data.txData   0x20000000        0xe ./Core/Src/main.o
                0x20000000                txData
 *fill*         0x2000000e        0x2 
 .data.SystemCoreClock
                0x20000010        0x4 ./Core/Src/system_stm32f1xx.o
                0x20000010                SystemCoreClock
 .data.uwTickPrio
                0x20000014        0x4 ./Drivers/STM32F1xx_HAL_Driver/Src/stm32f1xx_hal.o
                0x20000014                uwTickPrio
 .data.uwTickFreq
                0x20000018        0x1 ./Drivers/STM32F1xx_HAL_Driver/Src/stm32f1xx_hal.o
                0x20000018                uwTickFreq
 *fill*         0x20000019        0x3 
 .data._impure_ptr
                0x2000001c        0x4 E:/en.st-stm32cubeide_1.16.1_22882_20240916_0822_x86_64.exe/STM32CubeIDE_1.16.1/STM32CubeIDE/plugins/com.st.stm32cube.ide.mcu.externaltools.gnu-tools-for-stm32.12.3.rel1.win32_1.0.200.202406191623/tools/bin/../lib/gcc/arm-none-eabi/12.3.1/../../../../arm-none-eabi/lib/thumb/v7-m/nofp\libc_nano.a(libc_a-impure.o)
                0x2000001c                _impure_ptr
 .data._impure_data
                0x20000020       0x4c E:/en.st-stm32cubeide_1.16.1_22882_20240916_0822_x86_64.exe/STM32CubeIDE_1.16.1/STM32CubeIDE/plugins/com.st.stm32cube.ide.mcu.externaltools.gnu-tools-for-stm32.12.3.rel1.win32_1.0.200.202406191623/tools/bin/../lib/gcc/arm-none-eabi/12.3.1/../../../../arm-none-eabi/lib/thumb/v7-m/nofp\libc_nano.a(libc_a-impure.o)
                0x20000020                _impure_data
 *(.RamFunc)
 *(.RamFunc*)
                0x2000006c                        . = ALIGN (0x4)
                0x2000006c                        _edata = .

.igot.plt       0x2000006c        0x0 load address 0x08006724
 .igot.plt      0x2000006c        0x0 E:/en.st-stm32cubeide_1.16.1_22882_20240916_0822_x86_64.exe/STM32CubeIDE_1.16.1/STM32CubeIDE/plugins/com.st.stm32cube.ide.mcu.externaltools.gnu-tools-for-stm32.12.3.rel1.win32_1.0.200.202406191623/tools/bin/../lib/gcc/arm-none-eabi/12.3.1/thumb/v7-m/nofp/crtbegin.o
                0x2000006c                        . = ALIGN (0x4)

.bss            0x2000006c      0x18c load address 0x08006724
                0x2000006c                        _sbss = .
                0x2000006c                        __bss_start__ = _sbss
 *(.bss)
 .bss           0x2000006c       0x1c E:/en.st-stm32cubeide_1.16.1_22882_20240916_0822_x86_64.exe/STM32CubeIDE_1.16.1/STM32CubeIDE/plugins/com.st.stm32cube.ide.mcu.externaltools.gnu-tools-for-stm32.12.3.rel1.win32_1.0.200.202406191623/tools/bin/../lib/gcc/arm-none-eabi/12.3.1/thumb/v7-m/nofp/crtbegin.o
 *(.bss*)
 .bss.rxData    0x20000088        0xe ./Core/Src/main.o
                0x20000088                rxData
 .bss.is_rxd    0x20000096        0x1 ./Core/Src/main.o
                0x20000096                is_rxd
 .bss.is_send   0x20000097        0x1 ./Core/Src/main.o
                0x20000097                is_send
 .bss.is_next   0x20000098        0x1 ./Core/Src/main.o
                0x20000098                is_next
 .bss.is_enc_rx
                0x20000099        0x1 ./Core/Src/main.o
                0x20000099                is_enc_rx
 .bss.amount_id
                0x2000009a        0x1 ./Core/Src/main.o
                0x2000009a                amount_id
 *fill*         0x2000009b        0x1 
 .bss.current_ID
                0x2000009c        0x4 ./Core/Src/main.o
                0x2000009c                current_ID
 .bss.current_order_ID
                0x200000a0        0x4 ./Core/Src/main.o
                0x200000a0                current_order_ID
 .bss.TXBnSIDL.1
                0x200000a4        0x1 ./Core/Src/mcp2515.o
 *fill*         0x200000a5        0x3 
 .bss.__sbrk_heap_end
                0x200000a8        0x4 ./Core/Src/sysmem.o
 .bss.uwTick    0x200000ac        0x4 ./Drivers/STM32F1xx_HAL_Driver/Src/stm32f1xx_hal.o
                0x200000ac                uwTick
 .bss.__malloc_sbrk_start
                0x200000b0        0x4 E:/en.st-stm32cubeide_1.16.1_22882_20240916_0822_x86_64.exe/STM32CubeIDE_1.16.1/STM32CubeIDE/plugins/com.st.stm32cube.ide.mcu.externaltools.gnu-tools-for-stm32.12.3.rel1.win32_1.0.200.202406191623/tools/bin/../lib/gcc/arm-none-eabi/12.3.1/../../../../arm-none-eabi/lib/thumb/v7-m/nofp\libc_nano.a(libc_a-mallocr.o)
                0x200000b0                __malloc_sbrk_start
 .bss.__malloc_free_list
                0x200000b4        0x4 E:/en.st-stm32cubeide_1.16.1_22882_20240916_0822_x86_64.exe/STM32CubeIDE_1.16.1/STM32CubeIDE/plugins/com.st.stm32cube.ide.mcu.externaltools.gnu-tools-for-stm32.12.3.rel1.win32_1.0.200.202406191623/tools/bin/../lib/gcc/arm-none-eabi/12.3.1/../../../../arm-none-eabi/lib/thumb/v7-m/nofp\libc_nano.a(libc_a-mallocr.o)
                0x200000b4                __malloc_free_list
 .bss.__sf      0x200000b8      0x138 E:/en.st-stm32cubeide_1.16.1_22882_20240916_0822_x86_64.exe/STM32CubeIDE_1.16.1/STM32CubeIDE/plugins/com.st.stm32cube.ide.mcu.externaltools.gnu-tools-for-stm32.12.3.rel1.win32_1.0.200.202406191623/tools/bin/../lib/gcc/arm-none-eabi/12.3.1/../../../../arm-none-eabi/lib/thumb/v7-m/nofp\libc_nano.a(libc_a-findfp.o)
                0x200000b8                __sf
 .bss.errno     0x200001f0        0x4 E:/en.st-stm32cubeide_1.16.1_22882_20240916_0822_x86_64.exe/STM32CubeIDE_1.16.1/STM32CubeIDE/plugins/com.st.stm32cube.ide.mcu.externaltools.gnu-tools-for-stm32.12.3.rel1.win32_1.0.200.202406191623/tools/bin/../lib/gcc/arm-none-eabi/12.3.1/../../../../arm-none-eabi/lib/thumb/v7-m/nofp\libc_nano.a(libc_a-reent.o)
                0x200001f0                errno
 .bss.__lock___malloc_recursive_mutex
                0x200001f4        0x1 E:/en.st-stm32cubeide_1.16.1_22882_20240916_0822_x86_64.exe/STM32CubeIDE_1.16.1/STM32CubeIDE/plugins/com.st.stm32cube.ide.mcu.externaltools.gnu-tools-for-stm32.12.3.rel1.win32_1.0.200.202406191623/tools/bin/../lib/gcc/arm-none-eabi/12.3.1/../../../../arm-none-eabi/lib/thumb/v7-m/nofp\libc_nano.a(libc_a-lock.o)
                0x200001f4                __lock___malloc_recursive_mutex
 *(COMMON)
                0x200001f8                        . = ALIGN (0x4)
 *fill*         0x200001f5        0x3 
                0x200001f8                        _ebss = .
                0x200001f8                        __bss_end__ = _ebss

._user_heap_stack
                0x200001f8      0x600 load address 0x08006724
                0x200001f8                        . = ALIGN (0x8)
                [!provide]                        PROVIDE (end = .)
                0x200001f8                        PROVIDE (_end = .)
                0x200003f8                        . = (. + _Min_Heap_Size)
 *fill*         0x200001f8      0x200 
                0x200007f8                        . = (. + _Min_Stack_Size)
 *fill*         0x200003f8      0x400 
                0x200007f8                        . = ALIGN (0x8)

/DISCARD/
 libc.a(*)
 libm.a(*)
 libgcc.a(*)

.ARM.attributes
                0x00000000       0x29
 *(.ARM.attributes)
 .ARM.attributes
                0x00000000       0x1d E:/en.st-stm32cubeide_1.16.1_22882_20240916_0822_x86_64.exe/STM32CubeIDE_1.16.1/STM32CubeIDE/plugins/com.st.stm32cube.ide.mcu.externaltools.gnu-tools-for-stm32.12.3.rel1.win32_1.0.200.202406191623/tools/bin/../lib/gcc/arm-none-eabi/12.3.1/thumb/v7-m/nofp/crti.o
 .ARM.attributes
                0x0000001d       0x2d E:/en.st-stm32cubeide_1.16.1_22882_20240916_0822_x86_64.exe/STM32CubeIDE_1.16.1/STM32CubeIDE/plugins/com.st.stm32cube.ide.mcu.externaltools.gnu-tools-for-stm32.12.3.rel1.win32_1.0.200.202406191623/tools/bin/../lib/gcc/arm-none-eabi/12.3.1/thumb/v7-m/nofp/crtbegin.o
 .ARM.attributes
                0x0000004a       0x2d ./Core/Src/enc28j60.o
 .ARM.attributes
                0x00000077       0x2d ./Core/Src/main.o
 .ARM.attributes
                0x000000a4       0x2d ./Core/Src/mcp2515.o
 .ARM.attributes
                0x000000d1       0x2d ./Core/Src/spi.o
 .ARM.attributes
                0x000000fe       0x2d ./Core/Src/stm32f1xx_hal_msp.o
 .ARM.attributes
                0x0000012b       0x2d ./Core/Src/stm32f1xx_it.o
 .ARM.attributes
                0x00000158       0x2d ./Core/Src/sysmem.o
 .ARM.attributes
                0x00000185       0x2d ./Core/Src/system_stm32f1xx.o
 .ARM.attributes
                0x000001b2       0x21 ./Core/Startup/startup_stm32f103c8tx.o
 .ARM.attributes
                0x000001d3       0x2d ./Drivers/STM32F1xx_HAL_Driver/Src/stm32f1xx_hal.o
 .ARM.attributes
                0x00000200       0x2d ./Drivers/STM32F1xx_HAL_Driver/Src/stm32f1xx_hal_cortex.o
 .ARM.attributes
                0x0000022d       0x2d ./Drivers/STM32F1xx_HAL_Driver/Src/stm32f1xx_hal_rcc.o
 .ARM.attributes
                0x0000025a       0x2d E:/en.st-stm32cubeide_1.16.1_22882_20240916_0822_x86_64.exe/STM32CubeIDE_1.16.1/STM32CubeIDE/plugins/com.st.stm32cube.ide.mcu.externaltools.gnu-tools-for-stm32.12.3.rel1.win32_1.0.200.202406191623/tools/bin/../lib/gcc/arm-none-eabi/12.3.1/../../../../arm-none-eabi/lib/thumb/v7-m/nofp\libc_nano.a(libc_a-malloc.o)
 .ARM.attributes
                0x00000287       0x2d E:/en.st-stm32cubeide_1.16.1_22882_20240916_0822_x86_64.exe/STM32CubeIDE_1.16.1/STM32CubeIDE/plugins/com.st.stm32cube.ide.mcu.externaltools.gnu-tools-for-stm32.12.3.rel1.win32_1.0.200.202406191623/tools/bin/../lib/gcc/arm-none-eabi/12.3.1/../../../../arm-none-eabi/lib/thumb/v7-m/nofp\libc_nano.a(libc_a-mallocr.o)
 .ARM.attributes
                0x000002b4       0x2d E:/en.st-stm32cubeide_1.16.1_22882_20240916_0822_x86_64.exe/STM32CubeIDE_1.16.1/STM32CubeIDE/plugins/com.st.stm32cube.ide.mcu.externaltools.gnu-tools-for-stm32.12.3.rel1.win32_1.0.200.202406191623/tools/bin/../lib/gcc/arm-none-eabi/12.3.1/../../../../arm-none-eabi/lib/thumb/v7-m/nofp\libc_nano.a(libc_a-mlock.o)
 .ARM.attributes
                0x000002e1       0x2d E:/en.st-stm32cubeide_1.16.1_22882_20240916_0822_x86_64.exe/STM32CubeIDE_1.16.1/STM32CubeIDE/plugins/com.st.stm32cube.ide.mcu.externaltools.gnu-tools-for-stm32.12.3.rel1.win32_1.0.200.202406191623/tools/bin/../lib/gcc/arm-none-eabi/12.3.1/../../../../arm-none-eabi/lib/thumb/v7-m/nofp\libc_nano.a(libc_a-findfp.o)
 .ARM.attributes
                0x0000030e       0x2d E:/en.st-stm32cubeide_1.16.1_22882_20240916_0822_x86_64.exe/STM32CubeIDE_1.16.1/STM32CubeIDE/plugins/com.st.stm32cube.ide.mcu.externaltools.gnu-tools-for-stm32.12.3.rel1.win32_1.0.200.202406191623/tools/bin/../lib/gcc/arm-none-eabi/12.3.1/../../../../arm-none-eabi/lib/thumb/v7-m/nofp\libc_nano.a(libc_a-memset.o)
 .ARM.attributes
                0x0000033b       0x2d E:/en.st-stm32cubeide_1.16.1_22882_20240916_0822_x86_64.exe/STM32CubeIDE_1.16.1/STM32CubeIDE/plugins/com.st.stm32cube.ide.mcu.externaltools.gnu-tools-for-stm32.12.3.rel1.win32_1.0.200.202406191623/tools/bin/../lib/gcc/arm-none-eabi/12.3.1/../../../../arm-none-eabi/lib/thumb/v7-m/nofp\libc_nano.a(libc_a-reent.o)
 .ARM.attributes
                0x00000368       0x2d E:/en.st-stm32cubeide_1.16.1_22882_20240916_0822_x86_64.exe/STM32CubeIDE_1.16.1/STM32CubeIDE/plugins/com.st.stm32cube.ide.mcu.externaltools.gnu-tools-for-stm32.12.3.rel1.win32_1.0.200.202406191623/tools/bin/../lib/gcc/arm-none-eabi/12.3.1/../../../../arm-none-eabi/lib/thumb/v7-m/nofp\libc_nano.a(libc_a-impure.o)
 .ARM.attributes
                0x00000395       0x2d E:/en.st-stm32cubeide_1.16.1_22882_20240916_0822_x86_64.exe/STM32CubeIDE_1.16.1/STM32CubeIDE/plugins/com.st.stm32cube.ide.mcu.externaltools.gnu-tools-for-stm32.12.3.rel1.win32_1.0.200.202406191623/tools/bin/../lib/gcc/arm-none-eabi/12.3.1/../../../../arm-none-eabi/lib/thumb/v7-m/nofp\libc_nano.a(libc_a-sbrkr.o)
 .ARM.attributes
                0x000003c2       0x2d E:/en.st-stm32cubeide_1.16.1_22882_20240916_0822_x86_64.exe/STM32CubeIDE_1.16.1/STM32CubeIDE/plugins/com.st.stm32cube.ide.mcu.externaltools.gnu-tools-for-stm32.12.3.rel1.win32_1.0.200.202406191623/tools/bin/../lib/gcc/arm-none-eabi/12.3.1/../../../../arm-none-eabi/lib/thumb/v7-m/nofp\libc_nano.a(libc_a-errno.o)
 .ARM.attributes
                0x000003ef       0x2d E:/en.st-stm32cubeide_1.16.1_22882_20240916_0822_x86_64.exe/STM32CubeIDE_1.16.1/STM32CubeIDE/plugins/com.st.stm32cube.ide.mcu.externaltools.gnu-tools-for-stm32.12.3.rel1.win32_1.0.200.202406191623/tools/bin/../lib/gcc/arm-none-eabi/12.3.1/../../../../arm-none-eabi/lib/thumb/v7-m/nofp\libc_nano.a(libc_a-init.o)
 .ARM.attributes
                0x0000041c       0x2d E:/en.st-stm32cubeide_1.16.1_22882_20240916_0822_x86_64.exe/STM32CubeIDE_1.16.1/STM32CubeIDE/plugins/com.st.stm32cube.ide.mcu.externaltools.gnu-tools-for-stm32.12.3.rel1.win32_1.0.200.202406191623/tools/bin/../lib/gcc/arm-none-eabi/12.3.1/../../../../arm-none-eabi/lib/thumb/v7-m/nofp\libc_nano.a(libc_a-lock.o)
 .ARM.attributes
                0x00000449       0x2d E:/en.st-stm32cubeide_1.16.1_22882_20240916_0822_x86_64.exe/STM32CubeIDE_1.16.1/STM32CubeIDE/plugins/com.st.stm32cube.ide.mcu.externaltools.gnu-tools-for-stm32.12.3.rel1.win32_1.0.200.202406191623/tools/bin/../lib/gcc/arm-none-eabi/12.3.1/../../../../arm-none-eabi/lib/thumb/v7-m/nofp\libc_nano.a(libc_a-freer.o)
 .ARM.attributes
                0x00000476       0x1d E:/en.st-stm32cubeide_1.16.1_22882_20240916_0822_x86_64.exe/STM32CubeIDE_1.16.1/STM32CubeIDE/plugins/com.st.stm32cube.ide.mcu.externaltools.gnu-tools-for-stm32.12.3.rel1.win32_1.0.200.202406191623/tools/bin/../lib/gcc/arm-none-eabi/12.3.1/thumb/v7-m/nofp/crtn.o

.header         0x08004000       0x14
 *(.header)
 .header        0x08004000       0x14 ./Core/Src/main.o
                0x08004000                header
OUTPUT(Controller_CAN.elf elf32-littlearm)
LOAD linker stubs
LOAD E:/en.st-stm32cubeide_1.16.1_22882_20240916_0822_x86_64.exe/STM32CubeIDE_1.16.1/STM32CubeIDE/plugins/com.st.stm32cube.ide.mcu.externaltools.gnu-tools-for-stm32.12.3.rel1.win32_1.0.200.202406191623/tools/bin/../lib/gcc/arm-none-eabi/12.3.1/../../../../arm-none-eabi/lib/thumb/v7-m/nofp\libc.a
LOAD E:/en.st-stm32cubeide_1.16.1_22882_20240916_0822_x86_64.exe/STM32CubeIDE_1.16.1/STM32CubeIDE/plugins/com.st.stm32cube.ide.mcu.externaltools.gnu-tools-for-stm32.12.3.rel1.win32_1.0.200.202406191623/tools/bin/../lib/gcc/arm-none-eabi/12.3.1/../../../../arm-none-eabi/lib/thumb/v7-m/nofp\libm.a
LOAD E:/en.st-stm32cubeide_1.16.1_22882_20240916_0822_x86_64.exe/STM32CubeIDE_1.16.1/STM32CubeIDE/plugins/com.st.stm32cube.ide.mcu.externaltools.gnu-tools-for-stm32.12.3.rel1.win32_1.0.200.202406191623/tools/bin/../lib/gcc/arm-none-eabi/12.3.1/thumb/v7-m/nofp\libgcc.a

.rel.dyn        0x08004014        0x0
 .rel.iplt      0x08004014        0x0 E:/en.st-stm32cubeide_1.16.1_22882_20240916_0822_x86_64.exe/STM32CubeIDE_1.16.1/STM32CubeIDE/plugins/com.st.stm32cube.ide.mcu.externaltools.gnu-tools-for-stm32.12.3.rel1.win32_1.0.200.202406191623/tools/bin/../lib/gcc/arm-none-eabi/12.3.1/thumb/v7-m/nofp/crtbegin.o

.debug_info     0x00000000     0x3f25
 .debug_info    0x00000000      0x554 ./Core/Src/enc28j60.o
 .debug_info    0x00000554      0xffe ./Core/Src/main.o
 .debug_info    0x00001552      0x71f ./Core/Src/mcp2515.o
 .debug_info    0x00001c71      0x31e ./Core/Src/spi.o
 .debug_info    0x00001f8f      0x169 ./Core/Src/stm32f1xx_hal_msp.o
 .debug_info    0x000020f8      0x113 ./Core/Src/stm32f1xx_it.o
 .debug_info    0x0000220b      0x168 ./Core/Src/sysmem.o
 .debug_info    0x00002373      0x222 ./Core/Src/system_stm32f1xx.o
 .debug_info    0x00002595       0x30 ./Core/Startup/startup_stm32f103c8tx.o
 .debug_info    0x000025c5      0x704 ./Drivers/STM32F1xx_HAL_Driver/Src/stm32f1xx_hal.o
 .debug_info    0x00002cc9      0xa87 ./Drivers/STM32F1xx_HAL_Driver/Src/stm32f1xx_hal_cortex.o
 .debug_info    0x00003750      0x7d5 ./Drivers/STM32F1xx_HAL_Driver/Src/stm32f1xx_hal_rcc.o

.debug_abbrev   0x00000000     0x12d8
 .debug_abbrev  0x00000000      0x191 ./Core/Src/enc28j60.o
 .debug_abbrev  0x00000191      0x345 ./Core/Src/main.o
 .debug_abbrev  0x000004d6      0x191 ./Core/Src/mcp2515.o
 .debug_abbrev  0x00000667      0x16d ./Core/Src/spi.o
 .debug_abbrev  0x000007d4       0xc6 ./Core/Src/stm32f1xx_hal_msp.o
 .debug_abbrev  0x0000089a       0x73 ./Core/Src/stm32f1xx_it.o
 .debug_abbrev  0x0000090d       0xbc ./Core/Src/sysmem.o
 .debug_abbrev  0x000009c9      0x13f ./Core/Src/system_stm32f1xx.o
 .debug_abbrev  0x00000b08       0x24 ./Core/Startup/startup_stm32f103c8tx.o
 .debug_abbrev  0x00000b2c      0x201 ./Drivers/STM32F1xx_HAL_Driver/Src/stm32f1xx_hal.o
 .debug_abbrev  0x00000d2d      0x2f8 ./Drivers/STM32F1xx_HAL_Driver/Src/stm32f1xx_hal_cortex.o
 .debug_abbrev  0x00001025      0x2b3 ./Drivers/STM32F1xx_HAL_Driver/Src/stm32f1xx_hal_rcc.o

.debug_aranges  0x00000000      0x508
 .debug_aranges
                0x00000000       0x68 ./Core/Src/enc28j60.o
 .debug_aranges
                0x00000068       0x70 ./Core/Src/main.o
 .debug_aranges
                0x000000d8       0x98 ./Core/Src/mcp2515.o
 .debug_aranges
                0x00000170       0x38 ./Core/Src/spi.o
 .debug_aranges
                0x000001a8       0x20 ./Core/Src/stm32f1xx_hal_msp.o
 .debug_aranges
                0x000001c8       0x60 ./Core/Src/stm32f1xx_it.o
 .debug_aranges
                0x00000228       0x20 ./Core/Src/sysmem.o
 .debug_aranges
                0x00000248       0x28 ./Core/Src/system_stm32f1xx.o
 .debug_aranges
                0x00000270       0x28 ./Core/Startup/startup_stm32f103c8tx.o
 .debug_aranges
                0x00000298       0xe0 ./Drivers/STM32F1xx_HAL_Driver/Src/stm32f1xx_hal.o
 .debug_aranges
                0x00000378      0x100 ./Drivers/STM32F1xx_HAL_Driver/Src/stm32f1xx_hal_cortex.o
 .debug_aranges
                0x00000478       0x90 ./Drivers/STM32F1xx_HAL_Driver/Src/stm32f1xx_hal_rcc.o

.debug_rnglists
                0x00000000      0x397
 .debug_rnglists
                0x00000000       0x4b ./Core/Src/enc28j60.o
 .debug_rnglists
                0x0000004b       0x50 ./Core/Src/main.o
 .debug_rnglists
                0x0000009b       0x6f ./Core/Src/mcp2515.o
 .debug_rnglists
                0x0000010a       0x27 ./Core/Src/spi.o
 .debug_rnglists
                0x00000131       0x13 ./Core/Src/stm32f1xx_hal_msp.o
 .debug_rnglists
                0x00000144       0x43 ./Core/Src/stm32f1xx_it.o
 .debug_rnglists
                0x00000187       0x13 ./Core/Src/sysmem.o
 .debug_rnglists
                0x0000019a       0x1a ./Core/Src/system_stm32f1xx.o
 .debug_rnglists
                0x000001b4       0x19 ./Core/Startup/startup_stm32f103c8tx.o
 .debug_rnglists
                0x000001cd       0xa3 ./Drivers/STM32F1xx_HAL_Driver/Src/stm32f1xx_hal.o
 .debug_rnglists
                0x00000270       0xbb ./Drivers/STM32F1xx_HAL_Driver/Src/stm32f1xx_hal_cortex.o
 .debug_rnglists
                0x0000032b       0x6c ./Drivers/STM32F1xx_HAL_Driver/Src/stm32f1xx_hal_rcc.o

.debug_macro    0x00000000    0x16fa1
 .debug_macro   0x00000000      0x1aa ./Core/Src/enc28j60.o
 .debug_macro   0x000001aa      0xaa8 ./Core/Src/enc28j60.o
 .debug_macro   0x00000c52       0x10 ./Core/Src/enc28j60.o
 .debug_macro   0x00000c62      0x209 ./Core/Src/enc28j60.o
 .debug_macro   0x00000e6b       0x2e ./Core/Src/enc28j60.o
 .debug_macro   0x00000e99       0x22 ./Core/Src/enc28j60.o
 .debug_macro   0x00000ebb       0x22 ./Core/Src/enc28j60.o
 .debug_macro   0x00000edd       0x8e ./Core/Src/enc28j60.o
 .debug_macro   0x00000f6b       0x51 ./Core/Src/enc28j60.o
 .debug_macro   0x00000fbc      0x103 ./Core/Src/enc28j60.o
 .debug_macro   0x000010bf       0x6a ./Core/Src/enc28j60.o
 .debug_macro   0x00001129      0x1df ./Core/Src/enc28j60.o
 .debug_macro   0x00001308       0x1c ./Core/Src/enc28j60.o
 .debug_macro   0x00001324       0x22 ./Core/Src/enc28j60.o
 .debug_macro   0x00001346       0xbd ./Core/Src/enc28j60.o
 .debug_macro   0x00001403      0xd23 ./Core/Src/enc28j60.o
 .debug_macro   0x00002126     0xe09e ./Core/Src/enc28j60.o
 .debug_macro   0x000101c4       0x6d ./Core/Src/enc28j60.o
 .debug_macro   0x00010231     0x34a2 ./Core/Src/enc28j60.o
 .debug_macro   0x000136d3      0x189 ./Core/Src/enc28j60.o
 .debug_macro   0x0001385c       0x5c ./Core/Src/enc28j60.o
 .debug_macro   0x000138b8      0x5bc ./Core/Src/enc28j60.o
 .debug_macro   0x00013e74      0x289 ./Core/Src/enc28j60.o
 .debug_macro   0x000140fd      0x1cb ./Core/Src/enc28j60.o
 .debug_macro   0x000142c8      0x114 ./Core/Src/enc28j60.o
 .debug_macro   0x000143dc      0x1b2 ./Core/Src/enc28j60.o
 .debug_macro   0x0001458e       0x27 ./Core/Src/enc28j60.o
 .debug_macro   0x000145b5      0x136 ./Core/Src/enc28j60.o
 .debug_macro   0x000146eb      0x1bc ./Core/Src/enc28j60.o
 .debug_macro   0x000148a7       0x34 ./Core/Src/enc28j60.o
 .debug_macro   0x000148db       0x3c ./Core/Src/enc28j60.o
 .debug_macro   0x00014917       0x57 ./Core/Src/enc28j60.o
 .debug_macro   0x0001496e       0x87 ./Core/Src/enc28j60.o
 .debug_macro   0x000149f5      0x240 ./Core/Src/enc28j60.o
 .debug_macro   0x00014c35      0x140 ./Core/Src/enc28j60.o
 .debug_macro   0x00014d75       0x83 ./Core/Src/enc28j60.o
 .debug_macro   0x00014df8      0x25e ./Core/Src/enc28j60.o
 .debug_macro   0x00015056      0x2b4 ./Core/Src/main.o
 .debug_macro   0x0001530a       0x1c ./Core/Src/main.o
 .debug_macro   0x00015326       0x24 ./Core/Src/main.o
 .debug_macro   0x0001534a       0x61 ./Core/Src/main.o
 .debug_macro   0x000153ab       0x43 ./Core/Src/main.o
 .debug_macro   0x000153ee       0x34 ./Core/Src/main.o
 .debug_macro   0x00015422       0x16 ./Core/Src/main.o
 .debug_macro   0x00015438       0x35 ./Core/Src/main.o
 .debug_macro   0x0001546d       0x16 ./Core/Src/main.o
 .debug_macro   0x00015483       0x43 ./Core/Src/main.o
 .debug_macro   0x000154c6       0x34 ./Core/Src/main.o
 .debug_macro   0x000154fa       0x10 ./Core/Src/main.o
 .debug_macro   0x0001550a       0x58 ./Core/Src/main.o
 .debug_macro   0x00015562       0x8e ./Core/Src/main.o
 .debug_macro   0x000155f0       0x1c ./Core/Src/main.o
 .debug_macro   0x0001560c      0x177 ./Core/Src/main.o
 .debug_macro   0x00015783      0x369 ./Core/Src/main.o
 .debug_macro   0x00015aec       0x16 ./Core/Src/main.o
 .debug_macro   0x00015b02       0x29 ./Core/Src/main.o
 .debug_macro   0x00015b2b       0x22 ./Core/Src/main.o
 .debug_macro   0x00015b4d      0x1fc ./Core/Src/main.o
 .debug_macro   0x00015d49      0x26a ./Core/Src/main.o
 .debug_macro   0x00015fb3      0x1ab ./Core/Src/mcp2515.o
 .debug_macro   0x0001615e      0x19c ./Core/Src/spi.o
 .debug_macro   0x000162fa      0x18e ./Core/Src/stm32f1xx_hal_msp.o
 .debug_macro   0x00016488      0x198 ./Core/Src/stm32f1xx_it.o
 .debug_macro   0x00016620       0xff ./Core/Src/sysmem.o
 .debug_macro   0x0001671f      0x23c ./Core/Src/sysmem.o
 .debug_macro   0x0001695b      0x184 ./Core/Src/system_stm32f1xx.o
 .debug_macro   0x00016adf      0x1a8 ./Drivers/STM32F1xx_HAL_Driver/Src/stm32f1xx_hal.o
 .debug_macro   0x00016c87      0x184 ./Drivers/STM32F1xx_HAL_Driver/Src/stm32f1xx_hal_cortex.o
 .debug_macro   0x00016e0b      0x196 ./Drivers/STM32F1xx_HAL_Driver/Src/stm32f1xx_hal_rcc.o

.debug_line     0x00000000     0x6a25
 .debug_line    0x00000000      0x841 ./Core/Src/enc28j60.o
 .debug_line    0x00000841      0xfc6 ./Core/Src/main.o
 .debug_line    0x00001807      0x917 ./Core/Src/mcp2515.o
 .debug_line    0x0000211e      0x857 ./Core/Src/spi.o
 .debug_line    0x00002975      0x705 ./Core/Src/stm32f1xx_hal_msp.o
 .debug_line    0x0000307a      0x7c7 ./Core/Src/stm32f1xx_it.o
 .debug_line    0x00003841      0x6e4 ./Core/Src/sysmem.o
 .debug_line    0x00003f25      0x783 ./Core/Src/system_stm32f1xx.o
 .debug_line    0x000046a8       0x78 ./Core/Startup/startup_stm32f103c8tx.o
 .debug_line    0x00004720      0x9b0 ./Drivers/STM32F1xx_HAL_Driver/Src/stm32f1xx_hal.o
 .debug_line    0x000050d0      0xb9c ./Drivers/STM32F1xx_HAL_Driver/Src/stm32f1xx_hal_cortex.o
 .debug_line    0x00005c6c      0xdb9 ./Drivers/STM32F1xx_HAL_Driver/Src/stm32f1xx_hal_rcc.o

.debug_str      0x00000000    0x7fe5c
 .debug_str     0x00000000    0x7affb ./Core/Src/enc28j60.o
                              0x7b352 (size before relaxing)
 .debug_str     0x0007affb     0x3c36 ./Core/Src/main.o
                              0x7ef75 (size before relaxing)
 .debug_str     0x0007ec31      0x11b ./Core/Src/mcp2515.o
                              0x7b3bd (size before relaxing)
 .debug_str     0x0007ed4c       0x29 ./Core/Src/spi.o
                              0x7ada1 (size before relaxing)
 .debug_str     0x0007ed75       0x33 ./Core/Src/stm32f1xx_hal_msp.o
                              0x7ad1a (size before relaxing)
 .debug_str     0x0007eda8       0xc9 ./Core/Src/stm32f1xx_it.o
                              0x7ad5d (size before relaxing)
 .debug_str     0x0007ee71      0x4dc ./Core/Src/sysmem.o
                               0x6062 (size before relaxing)
 .debug_str     0x0007f34d       0x7e ./Core/Src/system_stm32f1xx.o
                              0x7ad73 (size before relaxing)
 .debug_str     0x0007f3cb       0x44 ./Core/Startup/startup_stm32f103c8tx.o
                                 0x6d (size before relaxing)
 .debug_str     0x0007f40f      0x5ec ./Drivers/STM32F1xx_HAL_Driver/Src/stm32f1xx_hal.o
                              0x7b4a6 (size before relaxing)
 .debug_str     0x0007f9fb      0x20e ./Drivers/STM32F1xx_HAL_Driver/Src/stm32f1xx_hal_cortex.o
                              0x7b3f2 (size before relaxing)
 .debug_str     0x0007fc09      0x253 ./Drivers/STM32F1xx_HAL_Driver/Src/stm32f1xx_hal_rcc.o
                              0x7b1a2 (size before relaxing)

.comment        0x00000000       0x43
 .comment       0x00000000       0x43 ./Core/Src/enc28j60.o
                                 0x44 (size before relaxing)
 .comment       0x00000043       0x44 ./Core/Src/main.o
 .comment       0x00000043       0x44 ./Core/Src/mcp2515.o
 .comment       0x00000043       0x44 ./Core/Src/spi.o
 .comment       0x00000043       0x44 ./Core/Src/stm32f1xx_hal_msp.o
 .comment       0x00000043       0x44 ./Core/Src/stm32f1xx_it.o
 .comment       0x00000043       0x44 ./Core/Src/sysmem.o
 .comment       0x00000043       0x44 ./Core/Src/system_stm32f1xx.o
 .comment       0x00000043       0x44 ./Drivers/STM32F1xx_HAL_Driver/Src/stm32f1xx_hal.o
 .comment       0x00000043       0x44 ./Drivers/STM32F1xx_HAL_Driver/Src/stm32f1xx_hal_cortex.o
 .comment       0x00000043       0x44 ./Drivers/STM32F1xx_HAL_Driver/Src/stm32f1xx_hal_rcc.o

.debug_frame    0x00000000     0x14e8
 .debug_frame   0x00000000      0x17c ./Core/Src/enc28j60.o
 .debug_frame   0x0000017c      0x18c ./Core/Src/main.o
 .debug_frame   0x00000308      0x250 ./Core/Src/mcp2515.o
 .debug_frame   0x00000558       0xa8 ./Core/Src/spi.o
 .debug_frame   0x00000600       0x38 ./Core/Src/stm32f1xx_hal_msp.o
 .debug_frame   0x00000638      0x104 ./Core/Src/stm32f1xx_it.o
 .debug_frame   0x0000073c       0x34 ./Core/Src/sysmem.o
 .debug_frame   0x00000770       0x58 ./Core/Src/system_stm32f1xx.o
 .debug_frame   0x000007c8      0x334 ./Drivers/STM32F1xx_HAL_Driver/Src/stm32f1xx_hal.o
 .debug_frame   0x00000afc      0x428 ./Drivers/STM32F1xx_HAL_Driver/Src/stm32f1xx_hal_cortex.o
 .debug_frame   0x00000f24      0x218 ./Drivers/STM32F1xx_HAL_Driver/Src/stm32f1xx_hal_rcc.o
 .debug_frame   0x0000113c       0x30 E:/en.st-stm32cubeide_1.16.1_22882_20240916_0822_x86_64.exe/STM32CubeIDE_1.16.1/STM32CubeIDE/plugins/com.st.stm32cube.ide.mcu.externaltools.gnu-tools-for-stm32.12.3.rel1.win32_1.0.200.202406191623/tools/bin/../lib/gcc/arm-none-eabi/12.3.1/../../../../arm-none-eabi/lib/thumb/v7-m/nofp\libc_nano.a(libc_a-malloc.o)
 .debug_frame   0x0000116c       0x50 E:/en.st-stm32cubeide_1.16.1_22882_20240916_0822_x86_64.exe/STM32CubeIDE_1.16.1/STM32CubeIDE/plugins/com.st.stm32cube.ide.mcu.externaltools.gnu-tools-for-stm32.12.3.rel1.win32_1.0.200.202406191623/tools/bin/../lib/gcc/arm-none-eabi/12.3.1/../../../../arm-none-eabi/lib/thumb/v7-m/nofp\libc_nano.a(libc_a-mallocr.o)
 .debug_frame   0x000011bc       0x30 E:/en.st-stm32cubeide_1.16.1_22882_20240916_0822_x86_64.exe/STM32CubeIDE_1.16.1/STM32CubeIDE/plugins/com.st.stm32cube.ide.mcu.externaltools.gnu-tools-for-stm32.12.3.rel1.win32_1.0.200.202406191623/tools/bin/../lib/gcc/arm-none-eabi/12.3.1/../../../../arm-none-eabi/lib/thumb/v7-m/nofp\libc_nano.a(libc_a-mlock.o)
 .debug_frame   0x000011ec      0x144 E:/en.st-stm32cubeide_1.16.1_22882_20240916_0822_x86_64.exe/STM32CubeIDE_1.16.1/STM32CubeIDE/plugins/com.st.stm32cube.ide.mcu.externaltools.gnu-tools-for-stm32.12.3.rel1.win32_1.0.200.202406191623/tools/bin/../lib/gcc/arm-none-eabi/12.3.1/../../../../arm-none-eabi/lib/thumb/v7-m/nofp\libc_nano.a(libc_a-findfp.o)
 .debug_frame   0x00001330       0x20 E:/en.st-stm32cubeide_1.16.1_22882_20240916_0822_x86_64.exe/STM32CubeIDE_1.16.1/STM32CubeIDE/plugins/com.st.stm32cube.ide.mcu.externaltools.gnu-tools-for-stm32.12.3.rel1.win32_1.0.200.202406191623/tools/bin/../lib/gcc/arm-none-eabi/12.3.1/../../../../arm-none-eabi/lib/thumb/v7-m/nofp\libc_nano.a(libc_a-memset.o)
 .debug_frame   0x00001350       0x38 E:/en.st-stm32cubeide_1.16.1_22882_20240916_0822_x86_64.exe/STM32CubeIDE_1.16.1/STM32CubeIDE/plugins/com.st.stm32cube.ide.mcu.externaltools.gnu-tools-for-stm32.12.3.rel1.win32_1.0.200.202406191623/tools/bin/../lib/gcc/arm-none-eabi/12.3.1/../../../../arm-none-eabi/lib/thumb/v7-m/nofp\libc_nano.a(libc_a-reent.o)
 .debug_frame   0x00001388       0x2c E:/en.st-stm32cubeide_1.16.1_22882_20240916_0822_x86_64.exe/STM32CubeIDE_1.16.1/STM32CubeIDE/plugins/com.st.stm32cube.ide.mcu.externaltools.gnu-tools-for-stm32.12.3.rel1.win32_1.0.200.202406191623/tools/bin/../lib/gcc/arm-none-eabi/12.3.1/../../../../arm-none-eabi/lib/thumb/v7-m/nofp\libc_nano.a(libc_a-sbrkr.o)
 .debug_frame   0x000013b4       0x20 E:/en.st-stm32cubeide_1.16.1_22882_20240916_0822_x86_64.exe/STM32CubeIDE_1.16.1/STM32CubeIDE/plugins/com.st.stm32cube.ide.mcu.externaltools.gnu-tools-for-stm32.12.3.rel1.win32_1.0.200.202406191623/tools/bin/../lib/gcc/arm-none-eabi/12.3.1/../../../../arm-none-eabi/lib/thumb/v7-m/nofp\libc_nano.a(libc_a-errno.o)
 .debug_frame   0x000013d4       0x2c E:/en.st-stm32cubeide_1.16.1_22882_20240916_0822_x86_64.exe/STM32CubeIDE_1.16.1/STM32CubeIDE/plugins/com.st.stm32cube.ide.mcu.externaltools.gnu-tools-for-stm32.12.3.rel1.win32_1.0.200.202406191623/tools/bin/../lib/gcc/arm-none-eabi/12.3.1/../../../../arm-none-eabi/lib/thumb/v7-m/nofp\libc_nano.a(libc_a-init.o)
 .debug_frame   0x00001400       0xb0 E:/en.st-stm32cubeide_1.16.1_22882_20240916_0822_x86_64.exe/STM32CubeIDE_1.16.1/STM32CubeIDE/plugins/com.st.stm32cube.ide.mcu.externaltools.gnu-tools-for-stm32.12.3.rel1.win32_1.0.200.202406191623/tools/bin/../lib/gcc/arm-none-eabi/12.3.1/../../../../arm-none-eabi/lib/thumb/v7-m/nofp\libc_nano.a(libc_a-lock.o)
 .debug_frame   0x000014b0       0x38 E:/en.st-stm32cubeide_1.16.1_22882_20240916_0822_x86_64.exe/STM32CubeIDE_1.16.1/STM32CubeIDE/plugins/com.st.stm32cube.ide.mcu.externaltools.gnu-tools-for-stm32.12.3.rel1.win32_1.0.200.202406191623/tools/bin/../lib/gcc/arm-none-eabi/12.3.1/../../../../arm-none-eabi/lib/thumb/v7-m/nofp\libc_nano.a(libc_a-freer.o)

.debug_line_str
                0x00000000       0x51
 .debug_line_str
                0x00000000       0x51 ./Core/Startup/startup_stm32f103c8tx.o
